Archive member included to satisfy reference by file (symbol)

D:/CUBE IDE/STM32CubeIDE_1.13.1/STM32CubeIDE_1.19.0/STM32CubeIDE/plugins/com.st.stm32cube.ide.mcu.externaltools.gnu-tools-for-stm32.13.3.rel1.win32_1.0.0.202411081344/tools/bin/../lib/gcc/arm-none-eabi/13.3.1/../../../../arm-none-eabi/lib/thumb/v7-m/nofp\libc_nano.a(libc_a-exit.o)
                              D:/CUBE IDE/STM32CubeIDE_1.13.1/STM32CubeIDE_1.19.0/STM32CubeIDE/plugins/com.st.stm32cube.ide.mcu.externaltools.gnu-tools-for-stm32.13.3.rel1.win32_1.0.0.202411081344/tools/bin/../lib/gcc/arm-none-eabi/13.3.1/../../../../arm-none-eabi/lib/thumb/v7-m/nofp/crt0.o (exit)
D:/CUBE IDE/STM32CubeIDE_1.13.1/STM32CubeIDE_1.19.0/STM32CubeIDE/plugins/com.st.stm32cube.ide.mcu.externaltools.gnu-tools-for-stm32.13.3.rel1.win32_1.0.0.202411081344/tools/bin/../lib/gcc/arm-none-eabi/13.3.1/../../../../arm-none-eabi/lib/thumb/v7-m/nofp\libc_nano.a(libc_a-findfp.o)
                              ./Middlewares/Third_Party/FreeRTOS/Source/tasks.o (__sf)
D:/CUBE IDE/STM32CubeIDE_1.13.1/STM32CubeIDE_1.19.0/STM32CubeIDE/plugins/com.st.stm32cube.ide.mcu.externaltools.gnu-tools-for-stm32.13.3.rel1.win32_1.0.0.202411081344/tools/bin/../lib/gcc/arm-none-eabi/13.3.1/../../../../arm-none-eabi/lib/thumb/v7-m/nofp\libc_nano.a(libc_a-fwalk.o)
                              D:/CUBE IDE/STM32CubeIDE_1.13.1/STM32CubeIDE_1.19.0/STM32CubeIDE/plugins/com.st.stm32cube.ide.mcu.externaltools.gnu-tools-for-stm32.13.3.rel1.win32_1.0.0.202411081344/tools/bin/../lib/gcc/arm-none-eabi/13.3.1/../../../../arm-none-eabi/lib/thumb/v7-m/nofp\libc_nano.a(libc_a-findfp.o) (_fwalk_sglue)
D:/CUBE IDE/STM32CubeIDE_1.13.1/STM32CubeIDE_1.19.0/STM32CubeIDE/plugins/com.st.stm32cube.ide.mcu.externaltools.gnu-tools-for-stm32.13.3.rel1.win32_1.0.0.202411081344/tools/bin/../lib/gcc/arm-none-eabi/13.3.1/../../../../arm-none-eabi/lib/thumb/v7-m/nofp\libc_nano.a(libc_a-stdio.o)
                              D:/CUBE IDE/STM32CubeIDE_1.13.1/STM32CubeIDE_1.19.0/STM32CubeIDE/plugins/com.st.stm32cube.ide.mcu.externaltools.gnu-tools-for-stm32.13.3.rel1.win32_1.0.0.202411081344/tools/bin/../lib/gcc/arm-none-eabi/13.3.1/../../../../arm-none-eabi/lib/thumb/v7-m/nofp\libc_nano.a(libc_a-findfp.o) (__sread)
D:/CUBE IDE/STM32CubeIDE_1.13.1/STM32CubeIDE_1.19.0/STM32CubeIDE/plugins/com.st.stm32cube.ide.mcu.externaltools.gnu-tools-for-stm32.13.3.rel1.win32_1.0.0.202411081344/tools/bin/../lib/gcc/arm-none-eabi/13.3.1/../../../../arm-none-eabi/lib/thumb/v7-m/nofp\libc_nano.a(libc_a-memset.o)
                              D:/CUBE IDE/STM32CubeIDE_1.13.1/STM32CubeIDE_1.19.0/STM32CubeIDE/plugins/com.st.stm32cube.ide.mcu.externaltools.gnu-tools-for-stm32.13.3.rel1.win32_1.0.0.202411081344/tools/bin/../lib/gcc/arm-none-eabi/13.3.1/../../../../arm-none-eabi/lib/thumb/v7-m/nofp/crt0.o (memset)
D:/CUBE IDE/STM32CubeIDE_1.13.1/STM32CubeIDE_1.19.0/STM32CubeIDE/plugins/com.st.stm32cube.ide.mcu.externaltools.gnu-tools-for-stm32.13.3.rel1.win32_1.0.0.202411081344/tools/bin/../lib/gcc/arm-none-eabi/13.3.1/../../../../arm-none-eabi/lib/thumb/v7-m/nofp\libc_nano.a(libc_a-closer.o)
                              D:/CUBE IDE/STM32CubeIDE_1.13.1/STM32CubeIDE_1.19.0/STM32CubeIDE/plugins/com.st.stm32cube.ide.mcu.externaltools.gnu-tools-for-stm32.13.3.rel1.win32_1.0.0.202411081344/tools/bin/../lib/gcc/arm-none-eabi/13.3.1/../../../../arm-none-eabi/lib/thumb/v7-m/nofp\libc_nano.a(libc_a-stdio.o) (_close_r)
D:/CUBE IDE/STM32CubeIDE_1.13.1/STM32CubeIDE_1.19.0/STM32CubeIDE/plugins/com.st.stm32cube.ide.mcu.externaltools.gnu-tools-for-stm32.13.3.rel1.win32_1.0.0.202411081344/tools/bin/../lib/gcc/arm-none-eabi/13.3.1/../../../../arm-none-eabi/lib/thumb/v7-m/nofp\libc_nano.a(libc_a-reent.o)
                              ./Middlewares/Third_Party/FreeRTOS/Source/tasks.o (_reclaim_reent)
D:/CUBE IDE/STM32CubeIDE_1.13.1/STM32CubeIDE_1.19.0/STM32CubeIDE/plugins/com.st.stm32cube.ide.mcu.externaltools.gnu-tools-for-stm32.13.3.rel1.win32_1.0.0.202411081344/tools/bin/../lib/gcc/arm-none-eabi/13.3.1/../../../../arm-none-eabi/lib/thumb/v7-m/nofp\libc_nano.a(libc_a-impure.o)
                              ./Middlewares/Third_Party/FreeRTOS/Source/tasks.o (_impure_ptr)
D:/CUBE IDE/STM32CubeIDE_1.13.1/STM32CubeIDE_1.19.0/STM32CubeIDE/plugins/com.st.stm32cube.ide.mcu.externaltools.gnu-tools-for-stm32.13.3.rel1.win32_1.0.0.202411081344/tools/bin/../lib/gcc/arm-none-eabi/13.3.1/../../../../arm-none-eabi/lib/thumb/v7-m/nofp\libc_nano.a(libc_a-lseekr.o)
                              D:/CUBE IDE/STM32CubeIDE_1.13.1/STM32CubeIDE_1.19.0/STM32CubeIDE/plugins/com.st.stm32cube.ide.mcu.externaltools.gnu-tools-for-stm32.13.3.rel1.win32_1.0.0.202411081344/tools/bin/../lib/gcc/arm-none-eabi/13.3.1/../../../../arm-none-eabi/lib/thumb/v7-m/nofp\libc_nano.a(libc_a-stdio.o) (_lseek_r)
[...]
Memory Configuration

Name             Origin             Length             Attributes
RAM              0x20000000         0x00005000         xrw
FLASH            0x08000000         0x00010000         xr
*default*        0x00000000         0xffffffff

Linker script and memory map

LOAD D:/CUBE IDE/STM32CubeIDE_1.13.1/STM32CubeIDE_1.19.0/STM32CubeIDE/plugins/com.st.stm32cube.ide.mcu.externaltools.gnu-tools-for-stm32.13.3.rel1.win32_1.0.0.202411081344/tools/bin/../lib/gcc/arm-none-eabi/13.3.1/thumb/v7-m/nofp/crti.o
LOAD D:/CUBE IDE/STM32CubeIDE_1.13.1/STM32CubeIDE_1.19.0/STM32CubeIDE/plugins/com.st.stm32cube.ide.mcu.externaltools.gnu-tools-for-stm32.13.3.rel1.win32_1.0.0.202411081344/tools/bin/../lib/gcc/arm-none-eabi/13.3.1/thumb/v7-m/nofp/crtbegin.o
LOAD D:/CUBE IDE/STM32CubeIDE_1.13.1/STM32CubeIDE_1.19.0/STM32CubeIDE/plugins/com.st.stm32cube.ide.mcu.externaltools.gnu-tools-for-stm32.13.3.rel1.win32_1.0.0.202411081344/tools/bin/../lib/gcc/arm-none-eabi/13.3.1/../../../../arm-none-eabi/lib/thumb/v7-m/nofp/crt0.o
LOAD ./Core/Src/freertos.o
LOAD ./Core/Src/gpio.o
LOAD ./Core/Src/i2c.o
LOAD ./Core/Src/iwdg.o
LOAD ./Core/Src/main.o
LOAD ./Core/Src/stm32f1xx_hal_msp.o
LOAD ./Core/Src/stm32f1xx_hal_timebase_tim.o
LOAD ./Core/Src/stm32f1xx_it.o
LOAD ./Core/Src/syscalls.o
LOAD ./Core/Src/sysmem.o
LOAD ./Core/Src/system_stm32f1xx.o
LOAD ./Core/Src/tim.o
LOAD ./Core/Startup/startup_stm32f103c8tx.o
LOAD ./Drivers/STM32F1xx_HAL_Driver/Src/stm32f1xx_hal.o
LOAD ./Drivers/STM32F1xx_HAL_Driver/Src/stm32f1xx_hal_cortex.o
LOAD ./Drivers/STM32F1xx_HAL_Driver/Src/stm32f1xx_hal_dma.o
LOAD ./Drivers/STM32F1xx_HAL_Driver/Src/stm32f1xx_hal_exti.o
LOAD ./Drivers/STM32F1xx_HAL_Driver/Src/stm32f1xx_hal_flash.o
LOAD ./Drivers/STM32F1xx_HAL_Driver/Src/stm32f1xx_hal_flash_ex.o
LOAD ./Drivers/STM32F1xx_HAL_Driver/Src/stm32f1xx_hal_gpio.o
LOAD ./Drivers/STM32F1xx_HAL_Driver/Src/stm32f1xx_hal_gpio_ex.o
LOAD ./Drivers/STM32F1xx_HAL_Driver/Src/stm32f1xx_hal_i2c.o
LOAD ./Drivers/STM32F1xx_HAL_Driver/Src/stm32f1xx_hal_iwdg.o
LOAD ./Drivers/STM32F1xx_HAL_Driver/Src/stm32f1xx_hal_pwr.o
LOAD ./Drivers/STM32F1xx_HAL_Driver/Src/stm32f1xx_hal_rcc.o
LOAD ./Drivers/STM32F1xx_HAL_Driver/Src/stm32f1xx_hal_rcc_ex.o
LOAD ./Drivers/STM32F1xx_HAL_Driver/Src/stm32f1xx_hal_tim.o
LOAD ./Drivers/STM32F1xx_HAL_Driver/Src/stm32f1xx_hal_tim_ex.o
LOAD ./Lib/Buzzer/Buzzer.o
LOAD ./Lib/DHT11/DHT11.o
LOAD ./Lib/IR_rec/IR_rec.o
LOAD ./Lib/RGB/RGB.o
LOAD ./Middlewares/Third_Party/FreeRTOS/Source/CMSIS_RTOS_V2/cmsis_os2.o
LOAD ./Middlewares/Third_Party/FreeRTOS/Source/croutine.o
LOAD ./Middlewares/Third_Party/FreeRTOS/Source/event_groups.o
LOAD ./Middlewares/Third_Party/FreeRTOS/Source/list.o
LOAD ./Middlewares/Third_Party/FreeRTOS/Source/queue.o
LOAD ./Middlewares/Third_Party/FreeRTOS/Source/stream_buffer.o
LOAD ./Middlewares/Third_Party/FreeRTOS/Source/tasks.o
LOAD ./Middlewares/Third_Party/FreeRTOS/Source/timers.o
LOAD ./Middlewares/Third_Party/FreeRTOS/Source/portable/GCC/ARM_CM3/port.o
LOAD ./Middlewares/Third_Party/FreeRTOS/Source/portable/MemMang/heap_4.o
LOAD ./Task/MyData.o
LOAD ./Task/ShowCalendar.o
LOAD ./Task/ShowClockTask.o
LOAD ./Task/ShowDHT11Task.o
LOAD ./Task/ShowRGBTask.o
LOAD ./Task/ShowTimerTask.o
LOAD ./Task/ShowmeuTask.o
LOAD ./u8g2/mui.o
LOAD ./u8g2/mui_u8g2.o
LOAD ./u8g2/u8g2_bitmap.o
LOAD ./u8g2/u8g2_box.o
LOAD ./u8g2/u8g2_buffer.o
LOAD ./u8g2/u8g2_button.o
LOAD ./u8g2/u8g2_circle.o
LOAD ./u8g2/u8g2_cleardisplay.o
LOAD ./u8g2/u8g2_d_memory.o
LOAD ./u8g2/u8g2_d_setup.o
LOAD ./u8g2/u8g2_font.o
LOAD ./u8g2/u8g2_fonts.o
LOAD ./u8g2/u8g2_hvline.o
LOAD ./u8g2/u8g2_input_value.o
LOAD ./u8g2/u8g2_intersection.o
LOAD ./u8g2/u8g2_kerning.o
LOAD ./u8g2/u8g2_line.o
LOAD ./u8g2/u8g2_ll_hvline.o
LOAD ./u8g2/u8g2_message.o
LOAD ./u8g2/u8g2_polygon.o
LOAD ./u8g2/u8g2_selection_list.o
LOAD ./u8g2/u8g2_setup.o
LOAD ./u8g2/u8log.o
LOAD ./u8g2/u8log_u8g2.o
LOAD ./u8g2/u8log_u8x8.o
LOAD ./u8g2/u8x8_8x8.o
LOAD ./u8g2/u8x8_byte.o
LOAD ./u8g2/u8x8_cad.o
LOAD ./u8g2/u8x8_capture.o
LOAD ./u8g2/u8x8_d_ssd1306_128x64_noname.o
LOAD ./u8g2/u8x8_debounce.o
LOAD ./u8g2/u8x8_display.o
LOAD ./u8g2/u8x8_fonts.o
LOAD ./u8g2/u8x8_gpio.o
LOAD ./u8g2/u8x8_input_value.o
LOAD ./u8g2/u8x8_message.o
LOAD ./u8g2/u8x8_selection_list.o
LOAD ./u8g2/u8x8_setup.o
LOAD ./u8g2/u8x8_string.o
LOAD ./u8g2/u8x8_u16toa.o
LOAD ./u8g2/u8x8_u8toa.o
START GROUP
LOAD D:/CUBE IDE/STM32CubeIDE_1.13.1/STM32CubeIDE_1.19.0/STM32CubeIDE/plugins/com.st.stm32cube.ide.mcu.externaltools.gnu-tools-for-stm32.13.3.rel1.win32_1.0.0.202411081344/tools/bin/../lib/gcc/arm-none-eabi/13.3.1/../../../../arm-none-eabi/lib/thumb/v7-m/nofp\libstdc++_nano.a
LOAD D:/CUBE IDE/STM32CubeIDE_1.13.1/STM32CubeIDE_1.19.0/STM32CubeIDE/plugins/com.st.stm32cube.ide.mcu.externaltools.gnu-tools-for-stm32.13.3.rel1.win32_1.0.0.202411081344/tools/bin/../lib/gcc/arm-none-eabi/13.3.1/../../../../arm-none-eabi/lib/thumb/v7-m/nofp\libsupc++_nano.a
END GROUP
LOAD D:/CUBE IDE/STM32CubeIDE_1.13.1/STM32CubeIDE_1.19.0/STM32CubeIDE/plugins/com.st.stm32cube.ide.mcu.externaltools.gnu-tools-for-stm32.13.3.rel1.win32_1.0.0.202411081344/tools/bin/../lib/gcc/arm-none-eabi/13.3.1/../../../../arm-none-eabi/lib/thumb/v7-m/nofp\libstdc++_nano.a
LOAD D:/CUBE IDE/STM32CubeIDE_1.13.1/STM32CubeIDE_1.19.0/STM32CubeIDE/plugins/com.st.stm32cube.ide.mcu.externaltools.gnu-tools-for-stm32.13.3.rel1.win32_1.0.0.202411081344/tools/bin/../lib/gcc/arm-none-eabi/13.3.1/../../../../arm-none-eabi/lib/thumb/v7-m/nofp\libm.a
LOAD D:/CUBE IDE/STM32CubeIDE_1.13.1/STM32CubeIDE_1.19.0/STM32CubeIDE/plugins/com.st.stm32cube.ide.mcu.externaltools.gnu-tools-for-stm32.13.3.rel1.win32_1.0.0.202411081344/tools/bin/../lib/gcc/arm-none-eabi/13.3.1/../../../../arm-none-eabi/lib/thumb/v7-m/nofp\libc_nano.a
START GROUP
LOAD D:/CUBE IDE/STM32CubeIDE_1.13.1/STM32CubeIDE_1.19.0/STM32CubeIDE/plugins/com.st.stm32cube.ide.mcu.externaltools.gnu-tools-for-stm32.13.3.rel1.win32_1.0.0.202411081344/tools/bin/../lib/gcc/arm-none-eabi/13.3.1/thumb/v7-m/nofp\libgcc.a
LOAD D:/CUBE IDE/STM32CubeIDE_1.13.1/STM32CubeIDE_1.19.0/STM32CubeIDE/plugins/com.st.stm32cube.ide.mcu.externaltools.gnu-tools-for-stm32.13.3.rel1.win32_1.0.0.202411081344/tools/bin/../lib/gcc/arm-none-eabi/13.3.1/../../../../arm-none-eabi/lib/thumb/v7-m/nofp\libc_nano.a
END GROUP
START GROUP
LOAD D:/CUBE IDE/STM32CubeIDE_1.13.1/STM32CubeIDE_1.19.0/STM32CubeIDE/plugins/com.st.stm32cube.ide.mcu.externaltools.gnu-tools-for-stm32.13.3.rel1.win32_1.0.0.202411081344/tools/bin/../lib/gcc/arm-none-eabi/13.3.1/thumb/v7-m/nofp\libgcc.a
LOAD D:/CUBE IDE/STM32CubeIDE_1.13.1/STM32CubeIDE_1.19.0/STM32CubeIDE/plugins/com.st.stm32cube.ide.mcu.externaltools.gnu-tools-for-stm32.13.3.rel1.win32_1.0.0.202411081344/tools/bin/../lib/gcc/arm-none-eabi/13.3.1/../../../../arm-none-eabi/lib/thumb/v7-m/nofp\libc_nano.a
LOAD D:/CUBE IDE/STM32CubeIDE_1.13.1/STM32CubeIDE_1.19.0/STM32CubeIDE/plugins/com.st.stm32cube.ide.mcu.externaltools.gnu-tools-for-stm32.13.3.rel1.win32_1.0.0.202411081344/tools/bin/../lib/gcc/arm-none-eabi/13.3.1/../../../../arm-none-eabi/lib/thumb/v7-m/nofp\libnosys.a
END GROUP
START GROUP
LOAD D:/CUBE IDE/STM32CubeIDE_1.13.1/STM32CubeIDE_1.19.0/STM32CubeIDE/plugins/com.st.stm32cube.ide.mcu.externaltools.gnu-tools-for-stm32.13.3.rel1.win32_1.0.0.202411081344/tools/bin/../lib/gcc/arm-none-eabi/13.3.1/thumb/v7-m/nofp\libgcc.a
LOAD D:/CUBE IDE/STM32CubeIDE_1.13.1/STM32CubeIDE_1.19.0/STM32CubeIDE/plugins/com.st.stm32cube.ide.mcu.externaltools.gnu-tools-for-stm32.13.3.rel1.win32_1.0.0.202411081344/tools/bin/../lib/gcc/arm-none-eabi/13.3.1/../../../../arm-none-eabi/lib/thumb/v7-m/nofp\libc_nano.a
LOAD D:/CUBE IDE/STM32CubeIDE_1.13.1/STM32CubeIDE_1.19.0/STM32CubeIDE/plugins/com.st.stm32cube.ide.mcu.externaltools.gnu-tools-for-stm32.13.3.rel1.win32_1.0.0.202411081344/tools/bin/../lib/gcc/arm-none-eabi/13.3.1/../../../../arm-none-eabi/lib/thumb/v7-m/nofp\libnosys.a
END GROUP
LOAD D:/CUBE IDE/STM32CubeIDE_1.13.1/STM32CubeIDE_1.19.0/STM32CubeIDE/plugins/com.st.stm32cube.ide.mcu.externaltools.gnu-tools-for-stm32.13.3.rel1.win32_1.0.0.202411081344/tools/bin/../lib/gcc/arm-none-eabi/13.3.1/thumb/v7-m/nofp/crtend.o
LOAD D:/CUBE IDE/STM32CubeIDE_1.13.1/STM32CubeIDE_1.19.0/STM32CubeIDE/plugins/com.st.stm32cube.ide.mcu.externaltools.gnu-tools-for-stm32.13.3.rel1.win32_1.0.0.202411081344/tools/bin/../lib/gcc/arm-none-eabi/13.3.1/thumb/v7-m/nofp/crtn.o
                0x20005000                        _estack = (ORIGIN (RAM) + LENGTH (RAM))
                0x00000200                        _Min_Heap_Size = 0x200
                0x00000400                        _Min_Stack_Size = 0x400

.isr_vector     0x08000000      0x10c
                0x08000000                        . = ALIGN (0x4)
 *(.isr_vector)
 .isr_vector    0x08000000      0x10c ./Core/Startup/startup_stm32f103c8tx.o
                0x08000000                g_pfnVectors
                0x0800010c                        . = ALIGN (0x4)

.text           0x08000110     0x719c
                0x08000110                        . = ALIGN (0x4)
 *(.text)
 .text          0x08000110       0x40 D:/CUBE IDE/STM32CubeIDE_1.13.1/STM32CubeIDE_1.19.0/STM32CubeIDE/plugins/com.st.stm32cube.ide.mcu.externaltools.gnu-tools-for-stm32.13.3.rel1.win32_1.0.0.202411081344/tools/bin/../lib/gcc/arm-none-eabi/13.3.1/thumb/v7-m/nofp/crtbegin.o
 *(.text*)
 .text.StartDefaultTask
                0x08000150       0xdc ./Core/Src/freertos.o
                0x08000150                StartDefaultTask
 .text.MX_FREERTOS_Init
                0x0800022c      0x15c ./Core/Src/freertos.o
                0x0800022c                MX_FREERTOS_Init
 .text.MX_GPIO_Init
                0x08000388       0xf0 ./Core/Src/gpio.o
                0x08000388                MX_GPIO_Init
 .text.MX_I2C1_Init
                0x08000478       0x3c ./Core/Src/i2c.o
                0x08000478                MX_I2C1_Init
 .text.HAL_I2C_MspInit
                0x080004b4       0x64 ./Core/Src/i2c.o
                0x080004b4                HAL_I2C_MspInit
 .text.SystemClock_Config
                0x08000518       0x68 ./Core/Src/main.o
                0x08000518                SystemClock_Config
 .text.startup.main
                0x08000580       0x28 ./Core/Src/main.o
                0x08000580                main
 .text.HAL_TIM_PeriodElapsedCallback
                0x080005a8       0x14 ./Core/Src/main.o
                0x080005a8                HAL_TIM_PeriodElapsedCallback
 .text.Error_Handler
                0x080005bc        0x4 ./Core/Src/main.o
                0x080005bc                Error_Handler
 .text.HAL_MspInit
                0x080005c0       0x50 ./Core/Src/stm32f1xx_hal_msp.o
                0x080005c0                HAL_MspInit
 .text.HAL_InitTick
                0x08000610       0xa4 ./Core/Src/stm32f1xx_hal_timebase_tim.o
                0x08000610                HAL_InitTick
 .text.NMI_Handler
                0x080006b4        0x4 ./Core/Src/stm32f1xx_it.o
                0x080006b4                NMI_Handler
 .text.HardFault_Handler
                0x080006b8        0x4 ./Core/Src/stm32f1xx_it.o
                0x080006b8                HardFault_Handler
 .text.MemManage_Handler
                0x080006bc        0x4 ./Core/Src/stm32f1xx_it.o
                0x080006bc                MemManage_Handler
 .text.BusFault_Handler
                0x080006c0        0x4 ./Core/Src/stm32f1xx_it.o
                0x080006c0                BusFault_Handler
 .text.UsageFault_Handler
                0x080006c4        0x4 ./Core/Src/stm32f1xx_it.o
                0x080006c4                UsageFault_Handler
 .text.DebugMon_Handler
                0x080006c8        0x4 ./Core/Src/stm32f1xx_it.o
                0x080006c8                DebugMon_Handler
 .text.TIM2_IRQHandler
                0x080006cc        0xc ./Core/Src/stm32f1xx_it.o
                0x080006cc                TIM2_IRQHandler
 .text.TIM4_IRQHandler
                0x080006d8        0xc ./Core/Src/stm32f1xx_it.o
                0x080006d8                TIM4_IRQHandler
 .text.SystemInit
                0x080006e4        0x4 ./Core/Src/system_stm32f1xx.o
                0x080006e4                SystemInit
 .text.MX_TIM2_Init
                0x080006e8       0xa4 ./Core/Src/tim.o
                0x080006e8                MX_TIM2_Init
 .text.HAL_TIM_Base_MspInit
                0x0800078c       0xa4 ./Core/Src/tim.o
                0x0800078c                HAL_TIM_Base_MspInit
 .text.HAL_TIM_MspPostInit
                0x08000830       0x58 ./Core/Src/tim.o
                0x08000830                HAL_TIM_MspPostInit
 .text.MX_TIM1_Init
                0x08000888      0x100 ./Core/Src/tim.o
                0x08000888                MX_TIM1_Init
 .text.Reset_Handler
                0x08000988       0x48 ./Core/Startup/startup_stm32f103c8tx.o
                0x08000988                Reset_Handler
 .text.Default_Handler
                0x080009d0        0x2 ./Core/Startup/startup_stm32f103c8tx.o
                0x080009d0                DMA1_Channel4_IRQHandler
                0x080009d0                EXTI1_IRQHandler
                0x080009d0                SPI2_IRQHandler
                0x080009d0                EXTI9_5_IRQHandler
                0x080009d0                SPI1_IRQHandler
                0x080009d0                PVD_IRQHandler
                0x080009d0                USBWakeUp_IRQHandler
                0x080009d0                WWDG_IRQHandler
                0x080009d0                ADC1_2_IRQHandler
                0x080009d0                DMA1_Channel5_IRQHandler
                0x080009d0                RCC_IRQHandler
                0x080009d0                I2C1_ER_IRQHandler
                0x080009d0                RTC_IRQHandler
                0x080009d0                DMA1_Channel6_IRQHandler
                0x080009d0                TIM1_UP_IRQHandler
                0x080009d0                DMA1_Channel2_IRQHandler
                0x080009d0                I2C2_EV_IRQHandler
                0x080009d0                TIM3_IRQHandler
                0x080009d0                DMA1_Channel7_IRQHandler
                0x080009d0                USB_LP_CAN1_RX0_IRQHandler
                0x080009d0                USART2_IRQHandler
                0x080009d0                FLASH_IRQHandler
                0x080009d0                EXTI15_10_IRQHandler
                0x080009d0                TIM1_BRK_IRQHandler
                0x080009d0                USART1_IRQHandler
                0x080009d0                TAMPER_IRQHandler
                0x080009d0                CAN1_SCE_IRQHandler
                0x080009d0                Default_Handler
                0x080009d0                EXTI2_IRQHandler
                0x080009d0                DMA1_Channel3_IRQHandler
                0x080009d0                USART3_IRQHandler
                0x080009d0                EXTI3_IRQHandler
                0x080009d0                I2C2_ER_IRQHandler
                0x080009d0                TIM1_TRG_COM_IRQHandler
                0x080009d0                I2C1_EV_IRQHandler
                0x080009d0                TIM1_CC_IRQHandler
                0x080009d0                DMA1_Channel1_IRQHandler
                0x080009d0                EXTI0_IRQHandler
                0x080009d0                RTC_Alarm_IRQHandler
                0x080009d0                EXTI4_IRQHandler
                0x080009d0                CAN1_RX1_IRQHandler
                0x080009d0                USB_HP_CAN1_TX_IRQHandler
 *fill*         0x080009d2        0x2 
 .text.HAL_Init
                0x080009d4       0x24 ./Drivers/STM32F1xx_HAL_Driver/Src/stm32f1xx_hal.o
                0x080009d4                HAL_Init
 .text.HAL_IncTick
                0x080009f8       0x18 ./Drivers/STM32F1xx_HAL_Driver/Src/stm32f1xx_hal.o
                0x080009f8                HAL_IncTick
 .text.HAL_GetTick
                0x08000a10        0xc ./Drivers/STM32F1xx_HAL_Driver/Src/stm32f1xx_hal.o
                0x08000a10                HAL_GetTick
 .text.HAL_Delay
                0x08000a1c       0x24 ./Drivers/STM32F1xx_HAL_Driver/Src/stm32f1xx_hal.o
                0x08000a1c                HAL_Delay
 .text.HAL_NVIC_SetPriorityGrouping
                0x08000a40       0x24 ./Drivers/STM32F1xx_HAL_Driver/Src/stm32f1xx_hal_cortex.o
                0x08000a40                HAL_NVIC_SetPriorityGrouping
 .text.HAL_NVIC_SetPriority
                0x08000a64       0x78 ./Drivers/STM32F1xx_HAL_Driver/Src/stm32f1xx_hal_cortex.o
                0x08000a64                HAL_NVIC_SetPriority
 .text.HAL_NVIC_EnableIRQ
                0x08000adc       0x1c ./Drivers/STM32F1xx_HAL_Driver/Src/stm32f1xx_hal_cortex.o
                0x08000adc                HAL_NVIC_EnableIRQ
 .text.HAL_GPIO_Init
                0x08000af8      0x210 ./Drivers/STM32F1xx_HAL_Driver/Src/stm32f1xx_hal_gpio.o
                0x08000af8                HAL_GPIO_Init
 .text.HAL_GPIO_ReadPin
                0x08000d08        0xc ./Drivers/STM32F1xx_HAL_Driver/Src/stm32f1xx_hal_gpio.o
                0x08000d08                HAL_GPIO_ReadPin
 .text.HAL_GPIO_WritePin
                0x08000d14        0x8 ./Drivers/STM32F1xx_HAL_Driver/Src/stm32f1xx_hal_gpio.o
                0x08000d14                HAL_GPIO_WritePin
 .text.I2C_WaitOnFlagUntilTimeout
                0x08000d1c       0xa8 ./Drivers/STM32F1xx_HAL_Driver/Src/stm32f1xx_hal_i2c.o
 .text.I2C_WaitOnMasterAddressFlagUntilTimeout
                0x08000dc4       0x9c ./Drivers/STM32F1xx_HAL_Driver/Src/stm32f1xx_hal_i2c.o
 .text.I2C_WaitOnTXEFlagUntilTimeout
                0x08000e60       0x74 ./Drivers/STM32F1xx_HAL_Driver/Src/stm32f1xx_hal_i2c.o
 .text.I2C_WaitOnBTFFlagUntilTimeout
                0x08000ed4       0x74 ./Drivers/STM32F1xx_HAL_Driver/Src/stm32f1xx_hal_i2c.o
 .text.HAL_I2C_Init
                0x08000f48      0x18c ./Drivers/STM32F1xx_HAL_Driver/Src/stm32f1xx_hal_i2c.o
                0x08000f48                HAL_I2C_Init
 .text.HAL_I2C_Master_Transmit
                0x080010d4      0x1dc ./Drivers/STM32F1xx_HAL_Driver/Src/stm32f1xx_hal_i2c.o
                0x080010d4                HAL_I2C_Master_Transmit
 .text.HAL_RCC_OscConfig
                0x080012b0      0x3dc ./Drivers/STM32F1xx_HAL_Driver/Src/stm32f1xx_hal_rcc.o
                0x080012b0                HAL_RCC_OscConfig
 .text.HAL_RCC_GetSysClockFreq
                0x0800168c       0x50 ./Drivers/STM32F1xx_HAL_Driver/Src/stm32f1xx_hal_rcc.o
                0x0800168c                HAL_RCC_GetSysClockFreq
 .text.HAL_RCC_ClockConfig
                0x080016dc      0x140 ./Drivers/STM32F1xx_HAL_Driver/Src/stm32f1xx_hal_rcc.o
                0x080016dc                HAL_RCC_ClockConfig
 .text.HAL_RCC_GetPCLK1Freq
                0x0800181c       0x20 ./Drivers/STM32F1xx_HAL_Driver/Src/stm32f1xx_hal_rcc.o
                0x0800181c                HAL_RCC_GetPCLK1Freq
 .text.HAL_RCC_GetClockConfig
                0x0800183c       0x40 ./Drivers/STM32F1xx_HAL_Driver/Src/stm32f1xx_hal_rcc.o
                0x0800183c                HAL_RCC_GetClockConfig
 .text.TIM_OC1_SetConfig
                0x0800187c       0x54 ./Drivers/STM32F1xx_HAL_Driver/Src/stm32f1xx_hal_tim.o
 .text.TIM_OC3_SetConfig
                0x080018d0       0x58 ./Drivers/STM32F1xx_HAL_Driver/Src/stm32f1xx_hal_tim.o
 .text.TIM_OC4_SetConfig
                0x08001928       0x4c ./Drivers/STM32F1xx_HAL_Driver/Src/stm32f1xx_hal_tim.o
 .text.HAL_TIM_Base_Start_IT
                0x08001974       0x54 ./Drivers/STM32F1xx_HAL_Driver/Src/stm32f1xx_hal_tim.o
                0x08001974                HAL_TIM_Base_Start_IT
 .text.HAL_TIM_OC_Start
                0x080019c8       0xb0 ./Drivers/STM32F1xx_HAL_Driver/Src/stm32f1xx_hal_tim.o
                0x080019c8                HAL_TIM_OC_Start
 .text.HAL_TIM_OC_Stop
                0x08001a78       0x90 ./Drivers/STM32F1xx_HAL_Driver/Src/stm32f1xx_hal_tim.o
                0x08001a78                HAL_TIM_OC_Stop
 .text.HAL_TIM_PWM_MspInit
                0x08001b08        0x4 ./Drivers/STM32F1xx_HAL_Driver/Src/stm32f1xx_hal_tim.o
                0x08001b08                HAL_TIM_PWM_MspInit
 .text.HAL_TIM_PWM_Start
                0x08001b0c        0x4 ./Drivers/STM32F1xx_HAL_Driver/Src/stm32f1xx_hal_tim.o
                0x08001b0c                HAL_TIM_PWM_Start
 .text.HAL_TIM_PWM_Stop
                0x08001b10        0x4 ./Drivers/STM32F1xx_HAL_Driver/Src/stm32f1xx_hal_tim.o
                0x08001b10                HAL_TIM_PWM_Stop
 .text.HAL_TIM_IC_MspInit
                0x08001b14        0x4 ./Drivers/STM32F1xx_HAL_Driver/Src/stm32f1xx_hal_tim.o
                0x08001b14                HAL_TIM_IC_MspInit
 .text.HAL_TIM_IC_Start_IT
                0x08001b18      0x100 ./Drivers/STM32F1xx_HAL_Driver/Src/stm32f1xx_hal_tim.o
                0x08001b18                HAL_TIM_IC_Start_IT
 .text.HAL_TIM_ConfigClockSource
                0x08001c18      0x154 ./Drivers/STM32F1xx_HAL_Driver/Src/stm32f1xx_hal_tim.o
                0x08001c18                HAL_TIM_ConfigClockSource
 .text.HAL_TIM_ReadCapturedValue
                0x08001d6c       0x34 ./Drivers/STM32F1xx_HAL_Driver/Src/stm32f1xx_hal_tim.o
                0x08001d6c                HAL_TIM_ReadCapturedValue
 .text.HAL_TIM_OC_DelayElapsedCallback
                0x08001da0        0x4 ./Drivers/STM32F1xx_HAL_Driver/Src/stm32f1xx_hal_tim.o
                0x08001da0                HAL_TIM_OC_DelayElapsedCallback
 .text.HAL_TIM_PWM_PulseFinishedCallback
                0x08001da4        0x4 ./Drivers/STM32F1xx_HAL_Driver/Src/stm32f1xx_hal_tim.o
                0x08001da4                HAL_TIM_PWM_PulseFinishedCallback
 .text.HAL_TIM_TriggerCallback
                0x08001da8        0x4 ./Drivers/STM32F1xx_HAL_Driver/Src/stm32f1xx_hal_tim.o
                0x08001da8                HAL_TIM_TriggerCallback
 .text.HAL_TIM_IRQHandler
                0x08001dac      0x138 ./Drivers/STM32F1xx_HAL_Driver/Src/stm32f1xx_hal_tim.o
                0x08001dac                HAL_TIM_IRQHandler
 .text.TIM_Base_SetConfig
                0x08001ee4       0x88 ./Drivers/STM32F1xx_HAL_Driver/Src/stm32f1xx_hal_tim.o
                0x08001ee4                TIM_Base_SetConfig
 .text.HAL_TIM_Base_Init
                0x08001f6c       0x5c ./Drivers/STM32F1xx_HAL_Driver/Src/stm32f1xx_hal_tim.o
                0x08001f6c                HAL_TIM_Base_Init
 .text.HAL_TIM_PWM_Init
                0x08001fc8       0x5c ./Drivers/STM32F1xx_HAL_Driver/Src/stm32f1xx_hal_tim.o
                0x08001fc8                HAL_TIM_PWM_Init
 .text.HAL_TIM_IC_Init
                0x08002024       0x5c ./Drivers/STM32F1xx_HAL_Driver/Src/stm32f1xx_hal_tim.o
                0x08002024                HAL_TIM_IC_Init
 .text.TIM_OC2_SetConfig
                0x08002080       0x5c ./Drivers/STM32F1xx_HAL_Driver/Src/stm32f1xx_hal_tim.o
                0x08002080                TIM_OC2_SetConfig
 .text.HAL_TIM_PWM_ConfigChannel
                0x080020dc       0xc0 ./Drivers/STM32F1xx_HAL_Driver/Src/stm32f1xx_hal_tim.o
                0x080020dc                HAL_TIM_PWM_ConfigChannel
 .text.TIM_TI1_SetConfig
                0x0800219c       0x50 ./Drivers/STM32F1xx_HAL_Driver/Src/stm32f1xx_hal_tim.o
                0x0800219c                TIM_TI1_SetConfig
 .text.HAL_TIM_IC_ConfigChannel
                0x080021ec      0x128 ./Drivers/STM32F1xx_HAL_Driver/Src/stm32f1xx_hal_tim.o
                0x080021ec                HAL_TIM_IC_ConfigChannel
 .text.HAL_TIMEx_MasterConfigSynchronization
                0x08002314       0x64 ./Drivers/STM32F1xx_HAL_Driver/Src/stm32f1xx_hal_tim_ex.o
                0x08002314                HAL_TIMEx_MasterConfigSynchronization
 .text.HAL_TIMEx_ConfigBreakDeadTime
                0x08002378       0x54 ./Drivers/STM32F1xx_HAL_Driver/Src/stm32f1xx_hal_tim_ex.o
                0x08002378                HAL_TIMEx_ConfigBreakDeadTime
 .text.HAL_TIMEx_CommutCallback
                0x080023cc        0x4 ./Drivers/STM32F1xx_HAL_Driver/Src/stm32f1xx_hal_tim_ex.o
                0x080023cc                HAL_TIMEx_CommutCallback
 .text.HAL_TIMEx_BreakCallback
                0x080023d0        0x4 ./Drivers/STM32F1xx_HAL_Driver/Src/stm32f1xx_hal_tim_ex.o
                0x080023d0                HAL_TIMEx_BreakCallback
 .text.Buzzer_set_freq
                0x080023d4       0x70 ./Lib/Buzzer/Buzzer.o
                0x080023d4                Buzzer_set_freq
 .text.buzzer   0x08002444       0x28 ./Lib/Buzzer/Buzzer.o
                0x08002444                buzzer
 .text.delay_us
                0x0800246c       0x64 ./Lib/DHT11/DHT11.o
                0x0800246c                delay_us
 .text.DHT11_check_state
                0x080024d0       0x48 ./Lib/DHT11/DHT11.o
                0x080024d0                DHT11_check_state
 .text.DHT11_Read_Byte
                0x08002518       0x68 ./Lib/DHT11/DHT11.o
                0x08002518                DHT11_Read_Byte
 .text.DHT11_ReadData
                0x08002580       0xac ./Lib/DHT11/DHT11.o
                0x08002580                DHT11_ReadData
 .text.IR_Init  0x0800262c       0x1c ./Lib/IR_rec/IR_rec.o
                0x0800262c                IR_Init
 .text.HAL_TIM_IC_CaptureCallback
                0x08002648      0x15c ./Lib/IR_rec/IR_rec.o
                0x08002648                HAL_TIM_IC_CaptureCallback
 .text.IR_GetCommand
                0x080027a4       0x10 ./Lib/IR_rec/IR_rec.o
                0x080027a4                IR_GetCommand
 .text.RGB_Set  0x080027b4       0x7c ./Lib/RGB/RGB.o
                0x080027b4                RGB_Set
 .text.SysTick_Handler
                0x08002830       0x1c ./Middlewares/Third_Party/FreeRTOS/Source/CMSIS_RTOS_V2/cmsis_os2.o
                0x08002830                SysTick_Handler
 .text.osKernelInitialize
                0x0800284c       0x24 ./Middlewares/Third_Party/FreeRTOS/Source/CMSIS_RTOS_V2/cmsis_os2.o
                0x0800284c                osKernelInitialize
 .text.osKernelStart
                0x08002870       0x34 ./Middlewares/Third_Party/FreeRTOS/Source/CMSIS_RTOS_V2/cmsis_os2.o
                0x08002870                osKernelStart
 .text.osThreadNew
                0x080028a4       0x8c ./Middlewares/Third_Party/FreeRTOS/Source/CMSIS_RTOS_V2/cmsis_os2.o
                0x080028a4                osThreadNew
 .text.osDelay  0x08002930       0x1c ./Middlewares/Third_Party/FreeRTOS/Source/CMSIS_RTOS_V2/cmsis_os2.o
                0x08002930                osDelay
 .text.osMutexNew
                0x0800294c       0xa0 ./Middlewares/Third_Party/FreeRTOS/Source/CMSIS_RTOS_V2/cmsis_os2.o
                0x0800294c                osMutexNew
 .text.vApplicationGetIdleTaskMemory
                0x080029ec       0x1c ./Middlewares/Third_Party/FreeRTOS/Source/CMSIS_RTOS_V2/cmsis_os2.o
                0x080029ec                vApplicationGetIdleTaskMemory
 .text.vApplicationGetTimerTaskMemory
                0x08002a08       0x1c ./Middlewares/Third_Party/FreeRTOS/Source/CMSIS_RTOS_V2/cmsis_os2.o
                0x08002a08                vApplicationGetTimerTaskMemory
 .text.vListInitialise
                0x08002a24       0x18 ./Middlewares/Third_Party/FreeRTOS/Source/list.o
                0x08002a24                vListInitialise
 .text.vListInitialiseItem
                0x08002a3c        0x8 ./Middlewares/Third_Party/FreeRTOS/Source/list.o
                0x08002a3c                vListInitialiseItem
 .text.vListInsertEnd
                0x08002a44       0x1c ./Middlewares/Third_Party/FreeRTOS/Source/list.o
                0x08002a44                vListInsertEnd
 .text.vListInsert
                0x08002a60       0x30 ./Middlewares/Third_Party/FreeRTOS/Source/list.o
                0x08002a60                vListInsert
 .text.uxListRemove
                0x08002a90       0x24 ./Middlewares/Third_Party/FreeRTOS/Source/list.o
                0x08002a90                uxListRemove
 .text.prvCopyDataToQueue
                0x08002ab4       0x78 ./Middlewares/Third_Party/FreeRTOS/Source/queue.o
 .text.prvUnlockQueue
                0x08002b2c       0x8c ./Middlewares/Third_Party/FreeRTOS/Source/queue.o
 .text.xQueueGenericReset
                0x08002bb8       0x8c ./Middlewares/Third_Party/FreeRTOS/Source/queue.o
                0x08002bb8                xQueueGenericReset
 .text.xQueueGenericCreateStatic
                0x08002c44       0xa8 ./Middlewares/Third_Party/FreeRTOS/Source/queue.o
                0x08002c44                xQueueGenericCreateStatic
 .text.xQueueGenericCreate
                0x08002cec       0x50 ./Middlewares/Third_Party/FreeRTOS/Source/queue.o
                0x08002cec                xQueueGenericCreate
 .text.xQueueGenericSend
                0x08002d3c      0x180 ./Middlewares/Third_Party/FreeRTOS/Source/queue.o
                0x08002d3c                xQueueGenericSend
 .text.xQueueCreateMutexStatic
                0x08002ebc       0x6c ./Middlewares/Third_Party/FreeRTOS/Source/queue.o
                0x08002ebc                xQueueCreateMutexStatic
 .text.xQueueCreateMutex
                0x08002f28       0x3c ./Middlewares/Third_Party/FreeRTOS/Source/queue.o
                0x08002f28                xQueueCreateMutex
 .text.xQueueGenericSendFromISR
                0x08002f64       0xc4 ./Middlewares/Third_Party/FreeRTOS/Source/queue.o
                0x08002f64                xQueueGenericSendFromISR
 .text.xQueueReceive
                0x08003028      0x174 ./Middlewares/Third_Party/FreeRTOS/Source/queue.o
                0x08003028                xQueueReceive
 .text.vQueueAddToRegistry
                0x0800319c       0x2c ./Middlewares/Third_Party/FreeRTOS/Source/queue.o
                0x0800319c                vQueueAddToRegistry
 .text.vQueueWaitForMessageRestricted
                0x080031c8       0x50 ./Middlewares/Third_Party/FreeRTOS/Source/queue.o
                0x080031c8                vQueueWaitForMessageRestricted
 .text.prvAddNewTaskToReadyList
                0x08003218      0x10c ./Middlewares/Third_Party/FreeRTOS/Source/tasks.o
 .text.prvAddCurrentTaskToDelayedList
                0x08003324       0x8c ./Middlewares/Third_Party/FreeRTOS/Source/tasks.o
 .text.prvDeleteTCB
                0x080033b0       0x48 ./Middlewares/Third_Party/FreeRTOS/Source/tasks.o
 .text.prvIdleTask
                0x080033f8       0x68 ./Middlewares/Third_Party/FreeRTOS/Source/tasks.o
 .text.prvInitialiseNewTask.constprop.0
                0x08003460       0xc4 ./Middlewares/Third_Party/FreeRTOS/Source/tasks.o
 .text.xTaskCreateStatic
                0x08003524       0x74 ./Middlewares/Third_Party/FreeRTOS/Source/tasks.o
                0x08003524                xTaskCreateStatic
 .text.xTaskCreate
                0x08003598       0x60 ./Middlewares/Third_Party/FreeRTOS/Source/tasks.o
                0x08003598                xTaskCreate
 .text.vTaskResume
                0x080035f8       0x9c ./Middlewares/Third_Party/FreeRTOS/Source/tasks.o
                0x080035f8                vTaskResume
 .text.vTaskStartScheduler
                0x08003694       0xa0 ./Middlewares/Third_Party/FreeRTOS/Source/tasks.o
                0x08003694                vTaskStartScheduler
 .text.vTaskSuspendAll
                0x08003734       0x10 ./Middlewares/Third_Party/FreeRTOS/Source/tasks.o
                0x08003734                vTaskSuspendAll
 .text.xTaskGetTickCount
                0x08003744        0xc ./Middlewares/Third_Party/FreeRTOS/Source/tasks.o
                0x08003744                xTaskGetTickCount
 .text.xTaskIncrementTick
                0x08003750      0x16c ./Middlewares/Third_Party/FreeRTOS/Source/tasks.o
                0x08003750                xTaskIncrementTick
 .text.xTaskResumeAll.part.0
                0x080038bc      0x110 ./Middlewares/Third_Party/FreeRTOS/Source/tasks.o
 .text.xTaskResumeAll
                0x080039cc       0x20 ./Middlewares/Third_Party/FreeRTOS/Source/tasks.o
                0x080039cc                xTaskResumeAll
 .text.vTaskDelay
                0x080039ec       0x60 ./Middlewares/Third_Party/FreeRTOS/Source/tasks.o
                0x080039ec                vTaskDelay
 .text.vTaskSwitchContext
                0x08003a4c       0x98 ./Middlewares/Third_Party/FreeRTOS/Source/tasks.o
                0x08003a4c                vTaskSwitchContext
 .text.vTaskSuspend
                0x08003ae4       0xdc ./Middlewares/Third_Party/FreeRTOS/Source/tasks.o
                0x08003ae4                vTaskSuspend
 .text.vTaskPlaceOnEventList
                0x08003bc0       0x34 ./Middlewares/Third_Party/FreeRTOS/Source/tasks.o
                0x08003bc0                vTaskPlaceOnEventList
 .text.vTaskPlaceOnEventListRestricted
                0x08003bf4       0x40 ./Middlewares/Third_Party/FreeRTOS/Source/tasks.o
                0x08003bf4                vTaskPlaceOnEventListRestricted
 .text.xTaskRemoveFromEventList
                0x08003c34       0x8c ./Middlewares/Third_Party/FreeRTOS/Source/tasks.o
                0x08003c34                xTaskRemoveFromEventList
 .text.vTaskInternalSetTimeOutState
                0x08003cc0       0x18 ./Middlewares/Third_Party/FreeRTOS/Source/tasks.o
                0x08003cc0                vTaskInternalSetTimeOutState
 .text.xTaskCheckForTimeOut
                0x08003cd8       0x80 ./Middlewares/Third_Party/FreeRTOS/Source/tasks.o
                0x08003cd8                xTaskCheckForTimeOut
 .text.vTaskMissedYield
                0x08003d58        0xc ./Middlewares/Third_Party/FreeRTOS/Source/tasks.o
                0x08003d58                vTaskMissedYield
 .text.xTaskGetSchedulerState
                0x08003d64       0x20 ./Middlewares/Third_Party/FreeRTOS/Source/tasks.o
                0x08003d64                xTaskGetSchedulerState
 .text.xTaskPriorityDisinherit
                0x08003d84       0x88 ./Middlewares/Third_Party/FreeRTOS/Source/tasks.o
                0x08003d84                xTaskPriorityDisinherit
 .text.prvCheckForValidListAndQueue
                0x08003e0c       0x6c ./Middlewares/Third_Party/FreeRTOS/Source/timers.o
 .text.xTimerCreateTimerTask
                0x08003e78       0x64 ./Middlewares/Third_Party/FreeRTOS/Source/timers.o
                0x08003e78                xTimerCreateTimerTask
 .text.xTimerCreate
                0x08003edc       0x5c ./Middlewares/Third_Party/FreeRTOS/Source/timers.o
                0x08003edc                xTimerCreate
 .text.xTimerGenericCommand
                0x08003f38       0x6c ./Middlewares/Third_Party/FreeRTOS/Source/timers.o
                0x08003f38                xTimerGenericCommand
 .text.prvSwitchTimerLists
                0x08003fa4       0x7c ./Middlewares/Third_Party/FreeRTOS/Source/timers.o
 .text.prvTimerTask
                0x08004020      0x24c ./Middlewares/Third_Party/FreeRTOS/Source/timers.o
 .text.prvPortStartFirstTask
                0x0800426c       0x20 ./Middlewares/Third_Party/FreeRTOS/Source/portable/GCC/ARM_CM3/port.o
 .text.prvTaskExitError
                0x0800428c       0x40 ./Middlewares/Third_Party/FreeRTOS/Source/portable/GCC/ARM_CM3/port.o
 .text.pxPortInitialiseStack
                0x080042cc       0x24 ./Middlewares/Third_Party/FreeRTOS/Source/portable/GCC/ARM_CM3/port.o
                0x080042cc                pxPortInitialiseStack
 .text.SVC_Handler
                0x080042f0       0x24 ./Middlewares/Third_Party/FreeRTOS/Source/portable/GCC/ARM_CM3/port.o
                0x080042f0                SVC_Handler
 .text.vPortEnterCritical
                0x08004314       0x44 ./Middlewares/Third_Party/FreeRTOS/Source/portable/GCC/ARM_CM3/port.o
                0x08004314                vPortEnterCritical
 .text.vPortExitCritical
                0x08004358       0x28 ./Middlewares/Third_Party/FreeRTOS/Source/portable/GCC/ARM_CM3/port.o
                0x08004358                vPortExitCritical
 .text.PendSV_Handler
                0x08004380       0x44 ./Middlewares/Third_Party/FreeRTOS/Source/portable/GCC/ARM_CM3/port.o
                0x08004380                PendSV_Handler
 .text.xPortSysTickHandler
                0x080043c4       0x2c ./Middlewares/Third_Party/FreeRTOS/Source/portable/GCC/ARM_CM3/port.o
                0x080043c4                xPortSysTickHandler
 .text.vPortSetupTimerInterrupt
                0x080043f0       0x2c ./Middlewares/Third_Party/FreeRTOS/Source/portable/GCC/ARM_CM3/port.o
                0x080043f0                vPortSetupTimerInterrupt
 .text.xPortStartScheduler
                0x0800441c       0xc0 ./Middlewares/Third_Party/FreeRTOS/Source/portable/GCC/ARM_CM3/port.o
                0x0800441c                xPortStartScheduler
 .text.vPortValidateInterruptPriority
                0x080044dc       0x5c ./Middlewares/Third_Party/FreeRTOS/Source/portable/GCC/ARM_CM3/port.o
                0x080044dc                vPortValidateInterruptPriority
 .text.prvInsertBlockIntoFreeList
                0x08004538       0x5c ./Middlewares/Third_Party/FreeRTOS/Source/portable/MemMang/heap_4.o
 .text.pvPortMalloc
                0x08004594      0x12c ./Middlewares/Third_Party/FreeRTOS/Source/portable/MemMang/heap_4.o
                0x08004594                pvPortMalloc
 .text.vPortFree
                0x080046c0       0x80 ./Middlewares/Third_Party/FreeRTOS/Source/portable/MemMang/heap_4.o
                0x080046c0                vPortFree
 .text.u8g2_Init
                0x08004740       0x4c ./Task/MyData.o
                0x08004740                u8g2_Init
 .text.u8g2_Clear
                0x0800478c       0x18 ./Task/MyData.o
                0x0800478c                u8g2_Clear
 .text.ui_right
                0x080047a4        0x8 ./Task/MyData.o
                0x080047a4                ui_right
 .text.ui_left  0x080047ac        0x8 ./Task/MyData.o
                0x080047ac                ui_left
 .text.ui_up    0x080047b4        0x8 ./Task/MyData.o
                0x080047b4                ui_up
 .text.ui_down  0x080047bc        0x8 ./Task/MyData.o
                0x080047bc                ui_down
 .text.month_run
                0x080047c4       0x58 ./Task/ShowCalendar.o
                0x080047c4                month_run
 .text.ShowCalendarTask
                0x0800481c      0x2ac ./Task/ShowCalendar.o
                0x0800481c                ShowCalendarTask
 .text.ShowClock
                0x08004ac8      0x1b4 ./Task/ShowClockTask.o
                0x08004ac8                ShowClock
 .text.ShowClockTask
                0x08004c7c      0x228 ./Task/ShowClockTask.o
                0x08004c7c                ShowClockTask
 .text.ClockTimerCallBackFun
                0x08004ea4       0x50 ./Task/ShowClockTask.o
                0x08004ea4                ClockTimerCallBackFun
 .text.ShowDHT11Task
                0x08004ef4      0x12c ./Task/ShowDHT11Task.o
                0x08004ef4                ShowDHT11Task
 .text.ShowRGBTask
                0x08005020       0xe4 ./Task/ShowRGBTask.o
                0x08005020                ShowRGBTask
 .text.u8g2_TimeInit
                0x08005104       0x20 ./Task/ShowTimerTask.o
                0x08005104                u8g2_TimeInit
 .text.u8g2_TimeUI
                0x08005124      0x150 ./Task/ShowTimerTask.o
                0x08005124                u8g2_TimeUI
 .text.ShowTimerTask
                0x08005274       0x58 ./Task/ShowTimerTask.o
                0x08005274                ShowTimerTask
 .text.TimerCallBackFun
                0x080052cc       0x7c ./Task/ShowTimerTask.o
                0x080052cc                TimerCallBackFun
 .text.u8g2_MeuUI
                0x08005348      0x190 ./Task/ShowmeuTask.o
                0x08005348                u8g2_MeuUI
 .text.ShowmeuTask
                0x080054d8      0x410 ./Task/ShowmeuTask.o
                0x080054d8                ShowmeuTask
 .text.u8g2_DrawHXBM
                0x080058e8       0x98 ./u8g2/u8g2_bitmap.o
                0x080058e8                u8g2_DrawHXBM
 .text.u8g2_DrawXBM
                0x08005980       0x54 ./u8g2/u8g2_bitmap.o
                0x08005980                u8g2_DrawXBM
 .text.u8g2_DrawXBMP
                0x080059d4       0x10 ./u8g2/u8g2_bitmap.o
                0x080059d4                u8g2_DrawXBMP
 .text.u8g2_DrawBox
                0x080059e4       0x4c ./u8g2/u8g2_box.o
                0x080059e4                u8g2_DrawBox
 .text.u8g2_DrawFrame
                0x08005a30       0x98 ./u8g2/u8g2_box.o
                0x08005a30                u8g2_DrawFrame
 .text.u8g2_DrawRBox
                0x08005ac8       0xf4 ./u8g2/u8g2_box.o
                0x08005ac8                u8g2_DrawRBox
 .text.u8g2_send_buffer
                0x08005bbc       0x54 ./u8g2/u8g2_buffer.o
 .text.u8g2_ClearBuffer
                0x08005c10       0x18 ./u8g2/u8g2_buffer.o
                0x08005c10                u8g2_ClearBuffer
 .text.u8g2_SendBuffer
                0x08005c28       0x14 ./u8g2/u8g2_buffer.o
                0x08005c28                u8g2_SendBuffer
 .text.u8g2_SetBufferCurrTileRow
                0x08005c3c       0x1c ./u8g2/u8g2_buffer.o
                0x08005c3c                u8g2_SetBufferCurrTileRow
 .text.u8g2_FirstPage
                0x08005c58       0x38 ./u8g2/u8g2_buffer.o
                0x08005c58                u8g2_FirstPage
 .text.u8g2_NextPage
                0x08005c90       0x4c ./u8g2/u8g2_buffer.o
                0x08005c90                u8g2_NextPage
 .text.u8g2_draw_circle_section
                0x08005cdc       0xc4 ./u8g2/u8g2_circle.o
 .text.u8g2_draw_disc_section
                0x08005da0       0xd4 ./u8g2/u8g2_circle.o
 .text.u8g2_DrawCircle
                0x08005e74       0x90 ./u8g2/u8g2_circle.o
                0x08005e74                u8g2_DrawCircle
 .text.u8g2_DrawDisc
                0x08005f04       0x90 ./u8g2/u8g2_circle.o
                0x08005f04                u8g2_DrawDisc
 .text.u8g2_ClearDisplay
                0x08005f94       0x20 ./u8g2/u8g2_cleardisplay.o
                0x08005f94                u8g2_ClearDisplay
 .text.u8g2_m_16_8_f
                0x08005fb4       0x10 ./u8g2/u8g2_d_memory.o
                0x08005fb4                u8g2_m_16_8_f
 .text.u8g2_Setup_ssd1306_i2c_128x64_noname_f
                0x08005fc4       0x40 ./u8g2/u8g2_d_setup.o
                0x08005fc4                u8g2_Setup_ssd1306_i2c_128x64_noname_f
 .text.u8g2_stm32_delay
                0x08006004       0x1c ./u8g2/u8g2_d_setup.o
                0x08006004                u8g2_stm32_delay
 .text.u8g2_font_get_word
                0x08006020        0x8 ./u8g2/u8g2_font.o
 .text.u8g2_font_calc_vref_font
                0x08006028        0x4 ./u8g2/u8g2_font.o
                0x08006028                u8g2_font_calc_vref_font
 .text.u8g2_read_font_info
                0x0800602c       0xb8 ./u8g2/u8g2_font.o
                0x0800602c                u8g2_read_font_info
 .text.u8g2_add_vector_y
                0x080060e4       0x24 ./u8g2/u8g2_font.o
                0x080060e4                u8g2_add_vector_y
 .text.u8g2_add_vector_x
                0x08006108       0x24 ./u8g2/u8g2_font.o
                0x08006108                u8g2_add_vector_x
 .text.u8g2_font_decode_len
                0x0800612c       0xb0 ./u8g2/u8g2_font.o
                0x0800612c                u8g2_font_decode_len
 .text.u8g2_font_decode_glyph
                0x080061dc      0x34c ./u8g2/u8g2_font.o
                0x080061dc                u8g2_font_decode_glyph
 .text.u8g2_font_get_glyph_data
                0x08006528       0x84 ./u8g2/u8g2_font.o
                0x08006528                u8g2_font_get_glyph_data
 .text.u8g2_DrawGlyph
                0x080065ac       0x60 ./u8g2/u8g2_font.o
                0x080065ac                u8g2_DrawGlyph
 .text.u8g2_draw_string
                0x0800660c       0x70 ./u8g2/u8g2_font.o
 .text.u8g2_DrawStr
                0x0800667c       0x10 ./u8g2/u8g2_font.o
                0x0800667c                u8g2_DrawStr
 .text.u8g2_SetFontPosBaseline
                0x0800668c        0xc ./u8g2/u8g2_font.o
                0x0800668c                u8g2_SetFontPosBaseline
 .text.u8g2_SetFont
                0x08006698       0x64 ./u8g2/u8g2_font.o
                0x08006698                u8g2_SetFont
 .text.u8g2_draw_hv_line_2dir
                0x080066fc       0x18 ./u8g2/u8g2_hvline.o
                0x080066fc                u8g2_draw_hv_line_2dir
 .text.u8g2_DrawHVLine
                0x08006714       0xdc ./u8g2/u8g2_hvline.o
                0x08006714                u8g2_DrawHVLine
 .text.u8g2_DrawHLine
                0x080067f0       0x10 ./u8g2/u8g2_hvline.o
                0x080067f0                u8g2_DrawHLine
 .text.u8g2_DrawVLine
                0x08006800       0x10 ./u8g2/u8g2_hvline.o
                0x08006800                u8g2_DrawVLine
 .text.u8g2_DrawPixel
                0x08006810       0x38 ./u8g2/u8g2_hvline.o
                0x08006810                u8g2_DrawPixel
 .text.u8g2_IsIntersection
                0x08006848       0x50 ./u8g2/u8g2_intersection.o
                0x08006848                u8g2_IsIntersection
 .text.u8g2_DrawLine
                0x08006898      0x174 ./u8g2/u8g2_line.o
                0x08006898                u8g2_DrawLine
 .text.u8g2_ll_hvline_vertical_top_lsb
                0x08006a0c       0xb8 ./u8g2/u8g2_ll_hvline.o
                0x08006a0c                u8g2_ll_hvline_vertical_top_lsb
 .text.u8g2_draw_l90_r0
                0x08006ac4       0x10 ./u8g2/u8g2_setup.o
                0x08006ac4                u8g2_draw_l90_r0
 .text.u8g2_apply_clip_window
                0x08006ad4       0x70 ./u8g2/u8g2_setup.o
 .text.u8g2_update_page_win_r0
                0x08006b44       0x18 ./u8g2/u8g2_setup.o
                0x08006b44                u8g2_update_page_win_r0
 .text.u8g2_update_dimension_r0
                0x08006b5c       0x5c ./u8g2/u8g2_setup.o
                0x08006b5c                u8g2_update_dimension_r0
 .text.u8g2_SetupBuffer
                0x08006bb8       0x54 ./u8g2/u8g2_setup.o
                0x08006bb8                u8g2_SetupBuffer
 .text.u8x8_ascii_next
                0x08006c0c       0x10 ./u8g2/u8x8_8x8.o
                0x08006c0c                u8x8_ascii_next
 .text.u8x8_utf8_init
                0x08006c1c        0x8 ./u8g2/u8x8_8x8.o
                0x08006c1c                u8x8_utf8_init
 .text.u8x8_byte_SendBytes
                0x08006c24       0x14 ./u8g2/u8x8_byte.o
                0x08006c24                u8x8_byte_SendBytes
 .text.u8x8_byte_SendByte
                0x08006c38       0x1c ./u8g2/u8x8_byte.o
                0x08006c38                u8x8_byte_SendByte
 .text.u8x8_byte_StartTransfer
                0x08006c54       0x10 ./u8g2/u8x8_byte.o
                0x08006c54                u8x8_byte_StartTransfer
 .text.u8x8_byte_EndTransfer
                0x08006c64       0x10 ./u8g2/u8x8_byte.o
                0x08006c64                u8x8_byte_EndTransfer
 .text.u8x8_byte_hw_i2c
                0x08006c74       0x70 ./u8g2/u8x8_byte.o
                0x08006c74                u8x8_byte_hw_i2c
 .text.u8x8_i2c_data_transfer
                0x08006ce4       0x2c ./u8g2/u8x8_cad.o
 .text.u8x8_cad_SendCmd
                0x08006d10       0x10 ./u8g2/u8x8_cad.o
                0x08006d10                u8x8_cad_SendCmd
 .text.u8x8_cad_SendArg
                0x08006d20       0x10 ./u8g2/u8x8_cad.o
                0x08006d20                u8x8_cad_SendArg
 .text.u8x8_cad_SendData
                0x08006d30       0x14 ./u8g2/u8x8_cad.o
                0x08006d30                u8x8_cad_SendData
 .text.u8x8_cad_StartTransfer
                0x08006d44       0x10 ./u8g2/u8x8_cad.o
                0x08006d44                u8x8_cad_StartTransfer
 .text.u8x8_cad_EndTransfer
                0x08006d54       0x10 ./u8g2/u8x8_cad.o
                0x08006d54                u8x8_cad_EndTransfer
 .text.u8x8_cad_SendSequence
                0x08006d64       0x70 ./u8g2/u8x8_cad.o
                0x08006d64                u8x8_cad_SendSequence
 .text.u8x8_cad_ssd13xx_fast_i2c
                0x08006dd4       0xc0 ./u8g2/u8x8_cad.o
                0x08006dd4                u8x8_cad_ssd13xx_fast_i2c
 .text.u8x8_d_ssd1306_sh1106_generic
                0x08006e94       0xdc ./u8g2/u8x8_d_ssd1306_128x64_noname.o
 .text.u8x8_d_ssd1306_128x64_noname
                0x08006f70       0x38 ./u8g2/u8x8_d_ssd1306_128x64_noname.o
                0x08006f70                u8x8_d_ssd1306_128x64_noname
 .text.u8x8_d_helper_display_setup_memory
                0x08006fa8        0xc ./u8g2/u8x8_display.o
                0x08006fa8                u8x8_d_helper_display_setup_memory
 .text.u8x8_d_helper_display_init
                0x08006fb4       0x64 ./u8g2/u8x8_display.o
                0x08006fb4                u8x8_d_helper_display_init
 .text.u8x8_DrawTile
                0x08007018       0x24 ./u8g2/u8x8_display.o
                0x08007018                u8x8_DrawTile
 .text.u8x8_SetupMemory
                0x0800703c       0x10 ./u8g2/u8x8_display.o
                0x0800703c                u8x8_SetupMemory
 .text.u8x8_InitDisplay
                0x0800704c       0x10 ./u8g2/u8x8_display.o
                0x0800704c                u8x8_InitDisplay
 .text.u8x8_SetPowerSave
                0x0800705c       0x10 ./u8g2/u8x8_display.o
                0x0800705c                u8x8_SetPowerSave
 .text.u8x8_RefreshDisplay
                0x0800706c       0x10 ./u8g2/u8x8_display.o
                0x0800706c                u8x8_RefreshDisplay
 .text.u8x8_gpio_call
                0x0800707c        0xc ./u8g2/u8x8_gpio.o
                0x0800707c                u8x8_gpio_call
 .text.u8x8_Setup
                0x08007088       0x30 ./u8g2/u8x8_setup.o
                0x08007088                u8x8_Setup
 .text.memset   0x080070b8       0x10 D:/CUBE IDE/STM32CubeIDE_1.13.1/STM32CubeIDE_1.19.0/STM32CubeIDE/plugins/com.st.stm32cube.ide.mcu.externaltools.gnu-tools-for-stm32.13.3.rel1.win32_1.0.0.202411081344/tools/bin/../lib/gcc/arm-none-eabi/13.3.1/../../../../arm-none-eabi/lib/thumb/v7-m/nofp\libc_nano.a(libc_a-memset.o)
                0x080070b8                memset
 .text._reclaim_reent
                0x080070c8       0xbc D:/CUBE IDE/STM32CubeIDE_1.13.1/STM32CubeIDE_1.19.0/STM32CubeIDE/plugins/com.st.stm32cube.ide.mcu.externaltools.gnu-tools-for-stm32.13.3.rel1.win32_1.0.0.202411081344/tools/bin/../lib/gcc/arm-none-eabi/13.3.1/../../../../arm-none-eabi/lib/thumb/v7-m/nofp\libc_nano.a(libc_a-reent.o)
                0x080070c8                _reclaim_reent
 .text.__libc_init_array
                0x08007184       0x48 D:/CUBE IDE/STM32CubeIDE_1.13.1/STM32CubeIDE_1.19.0/STM32CubeIDE/plugins/com.st.stm32cube.ide.mcu.externaltools.gnu-tools-for-stm32.13.3.rel1.win32_1.0.0.202411081344/tools/bin/../lib/gcc/arm-none-eabi/13.3.1/../../../../arm-none-eabi/lib/thumb/v7-m/nofp\libc_nano.a(libc_a-init.o)
                0x08007184                __libc_init_array
 .text.__retarget_lock_acquire_recursive
                0x080071cc        0x2 D:/CUBE IDE/STM32CubeIDE_1.13.1/STM32CubeIDE_1.19.0/STM32CubeIDE/plugins/com.st.stm32cube.ide.mcu.externaltools.gnu-tools-for-stm32.13.3.rel1.win32_1.0.0.202411081344/tools/bin/../lib/gcc/arm-none-eabi/13.3.1/../../../../arm-none-eabi/lib/thumb/v7-m/nofp\libc_nano.a(libc_a-lock.o)
                0x080071cc                __retarget_lock_acquire_recursive
 .text.__retarget_lock_release_recursive
                0x080071ce        0x2 D:/CUBE IDE/STM32CubeIDE_1.13.1/STM32CubeIDE_1.19.0/STM32CubeIDE/plugins/com.st.stm32cube.ide.mcu.externaltools.gnu-tools-for-stm32.13.3.rel1.win32_1.0.0.202411081344/tools/bin/../lib/gcc/arm-none-eabi/13.3.1/../../../../arm-none-eabi/lib/thumb/v7-m/nofp\libc_nano.a(libc_a-lock.o)
                0x080071ce                __retarget_lock_release_recursive
 .text.memcpy   0x080071d0       0x1c D:/CUBE IDE/STM32CubeIDE_1.13.1/STM32CubeIDE_1.19.0/STM32CubeIDE/plugins/com.st.stm32cube.ide.mcu.externaltools.gnu-tools-for-stm32.13.3.rel1.win32_1.0.0.202411081344/tools/bin/../lib/gcc/arm-none-eabi/13.3.1/../../../../arm-none-eabi/lib/thumb/v7-m/nofp\libc_nano.a(libc_a-memcpy-stub.o)
                0x080071d0                memcpy
 .text._free_r  0x080071ec       0x90 D:/CUBE IDE/STM32CubeIDE_1.13.1/STM32CubeIDE_1.19.0/STM32CubeIDE/plugins/com.st.stm32cube.ide.mcu.externaltools.gnu-tools-for-stm32.13.3.rel1.win32_1.0.0.202411081344/tools/bin/../lib/gcc/arm-none-eabi/13.3.1/../../../../arm-none-eabi/lib/thumb/v7-m/nofp\libc_nano.a(libc_a-freer.o)
                0x080071ec                _free_r
 .text.__malloc_lock
                0x0800727c        0xc D:/CUBE IDE/STM32CubeIDE_1.13.1/STM32CubeIDE_1.19.0/STM32CubeIDE/plugins/com.st.stm32cube.ide.mcu.externaltools.gnu-tools-for-stm32.13.3.rel1.win32_1.0.0.202411081344/tools/bin/../lib/gcc/arm-none-eabi/13.3.1/../../../../arm-none-eabi/lib/thumb/v7-m/nofp\libc_nano.a(libc_a-mlock.o)
                0x0800727c                __malloc_lock
 .text.__malloc_unlock
                0x08007288        0xc D:/CUBE IDE/STM32CubeIDE_1.13.1/STM32CubeIDE_1.19.0/STM32CubeIDE/plugins/com.st.stm32cube.ide.mcu.externaltools.gnu-tools-for-stm32.13.3.rel1.win32_1.0.0.202411081344/tools/bin/../lib/gcc/arm-none-eabi/13.3.1/../../../../arm-none-eabi/lib/thumb/v7-m/nofp\libc_nano.a(libc_a-mlock.o)
                0x08007288                __malloc_unlock
 *(.glue_7)
 .glue_7        0x08007294        0x0 linker stubs
 *(.glue_7t)
 .glue_7t       0x08007294        0x0 linker stubs
 *(.eh_frame)
 .eh_frame      0x08007294        0x0 D:/CUBE IDE/STM32CubeIDE_1.13.1/STM32CubeIDE_1.19.0/STM32CubeIDE/plugins/com.st.stm32cube.ide.mcu.externaltools.gnu-tools-for-stm32.13.3.rel1.win32_1.0.0.202411081344/tools/bin/../lib/gcc/arm-none-eabi/13.3.1/thumb/v7-m/nofp/crtbegin.o
 *(.init)
 .init          0x08007294        0x4 D:/CUBE IDE/STM32CubeIDE_1.13.1/STM32CubeIDE_1.19.0/STM32CubeIDE/plugins/com.st.stm32cube.ide.mcu.externaltools.gnu-tools-for-stm32.13.3.rel1.win32_1.0.0.202411081344/tools/bin/../lib/gcc/arm-none-eabi/13.3.1/thumb/v7-m/nofp/crti.o
                0x08007294                _init
 .init          0x08007298        0x8 D:/CUBE IDE/STM32CubeIDE_1.13.1/STM32CubeIDE_1.19.0/STM32CubeIDE/plugins/com.st.stm32cube.ide.mcu.externaltools.gnu-tools-for-stm32.13.3.rel1.win32_1.0.0.202411081344/tools/bin/../lib/gcc/arm-none-eabi/13.3.1/thumb/v7-m/nofp/crtn.o
 *(.fini)
 .fini          0x080072a0        0x4 D:/CUBE IDE/STM32CubeIDE_1.13.1/STM32CubeIDE_1.19.0/STM32CubeIDE/plugins/com.st.stm32cube.ide.mcu.externaltools.gnu-tools-for-stm32.13.3.rel1.win32_1.0.0.202411081344/tools/bin/../lib/gcc/arm-none-eabi/13.3.1/thumb/v7-m/nofp/crti.o
                0x080072a0                _fini
 .fini          0x080072a4        0x8 D:/CUBE IDE/STM32CubeIDE_1.13.1/STM32CubeIDE_1.19.0/STM32CubeIDE/plugins/com.st.stm32cube.ide.mcu.externaltools.gnu-tools-for-stm32.13.3.rel1.win32_1.0.0.202411081344/tools/bin/../lib/gcc/arm-none-eabi/13.3.1/thumb/v7-m/nofp/crtn.o
                0x080072ac                        . = ALIGN (0x4)
                0x080072ac                        _etext = .

.vfp11_veneer   0x080072ac        0x0
 .vfp11_veneer  0x080072ac        0x0 linker stubs

.v4_bx          0x080072ac        0x0
 .v4_bx         0x080072ac        0x0 linker stubs

.iplt           0x080072ac        0x0
 .iplt          0x080072ac        0x0 D:/CUBE IDE/STM32CubeIDE_1.13.1/STM32CubeIDE_1.19.0/STM32CubeIDE/plugins/com.st.stm32cube.ide.mcu.externaltools.gnu-tools-for-stm32.13.3.rel1.win32_1.0.0.202411081344/tools/bin/../lib/gcc/arm-none-eabi/13.3.1/thumb/v7-m/nofp/crtbegin.o

.rodata         0x080072ac     0x3fcc
                0x080072ac                        . = ALIGN (0x4)
 *(.rodata)
 .rodata        0x080072ac       0xac ./Task/ShowCalendar.o
 *(.rodata*)
 .rodata.MX_FREERTOS_Init.str1.4
                0x08007358       0xac ./Core/Src/freertos.o
                                  0xf (size before relaxing)
 .rodata.str1.4
                0x08007404       0x68 ./Core/Src/freertos.o
 .rodata.clockTask_attributes
                0x08007404       0x24 ./Core/Src/freertos.o
                0x08007404                clockTask_attributes
 .rodata.CalendarTask_attributes
                0x08007428       0x24 ./Core/Src/freertos.o
                0x08007428                CalendarTask_attributes
 .rodata.RGBTask_attributes
                0x0800744c       0x24 ./Core/Src/freertos.o
                0x0800744c                RGBTask_attributes
 .rodata.Dht11Task_attributes
                0x08007470       0x24 ./Core/Src/freertos.o
                0x08007470                Dht11Task_attributes
 .rodata.ShowmeuTask_attributes
                0x08007494       0x24 ./Core/Src/freertos.o
                0x08007494                ShowmeuTask_attributes
 .rodata.TimerTask_attributes
                0x080074b8       0x24 ./Core/Src/freertos.o
                0x080074b8                TimerTask_attributes
 .rodata.defaultTask_attributes
                0x080074dc       0x24 ./Core/Src/freertos.o
                0x080074dc                defaultTask_attributes
 .rodata.APBPrescTable
                0x08007500        0x8 ./Core/Src/system_stm32f1xx.o
                0x08007500                APBPrescTable
 .rodata.AHBPrescTable
                0x08007508       0x10 ./Core/Src/system_stm32f1xx.o
                0x08007508                AHBPrescTable
 .rodata.aPredivFactorTable.0
                0x08007518        0x2 ./Drivers/STM32F1xx_HAL_Driver/Src/stm32f1xx_hal_rcc.o
 *fill*         0x0800751a        0x2 
 .rodata.aPLLMULFactorTable.1
                0x0800751c       0x10 ./Drivers/STM32F1xx_HAL_Driver/Src/stm32f1xx_hal_rcc.o
 .rodata.vTaskStartScheduler.str1.4
                0x0800752c        0x5 ./Middlewares/Third_Party/FreeRTOS/Source/tasks.o
 .rodata.prvCheckForValidListAndQueue.str1.4
                0x0800752c        0x5 ./Middlewares/Third_Party/FreeRTOS/Source/timers.o
 .rodata.xTimerCreateTimerTask.str1.4
                0x0800752c        0x8 ./Middlewares/Third_Party/FreeRTOS/Source/timers.o
 .rodata.Num_6x8
                0x0800752c       0x60 ./Task/MyData.o
                0x0800752c                Num_6x8
 .rodata.BigNum
                0x0800758c      0x4b0 ./Task/MyData.o
                0x0800758c                BigNum
 .rodata.light  0x08007a3c       0x78 ./Task/MyData.o
                0x08007a3c                light
 .rodata.RightMove
                0x08007ab4       0x1e ./Task/MyData.o
                0x08007ab4                RightMove
 *fill*         0x08007ad2        0x2 
 .rodata.LeftMove
                0x08007ad4       0x1e ./Task/MyData.o
                0x08007ad4                LeftMove
 *fill*         0x08007af2        0x2 
 .rodata.ShowGame
                0x08007af4       0x1e ./Task/MyData.o
                0x08007af4                ShowGame
 *fill*         0x08007b12        0x2 
 .rodata.ShowPower
                0x08007b14       0x1e ./Task/MyData.o
                0x08007b14                ShowPower
 .rodata.ShowClock.str1.4
                0x08007b32        0xd ./Task/ShowClockTask.o
 .rodata.ShowDHT11Task.str1.4
                0x08007b32        0xc ./Task/ShowDHT11Task.o
 *fill*         0x08007b32        0x2 
 .rodata.str    0x08007b34       0x32 ./Task/ShowmeuTask.o
                0x08007b34                str
 *fill*         0x08007b66        0x2 
 .rodata.u8g2_font_fur35_tf
                0x08007b68     0x2894 ./u8g2/u8g2_fonts.o
                0x08007b68                u8g2_font_fur35_tf
 .rodata.u8g2_font_spleen5x8_mf
                0x0800a3fc      0x632 ./u8g2/u8g2_fonts.o
                0x0800a3fc                u8g2_font_spleen5x8_mf
 *fill*         0x0800aa2e        0x2 
 .rodata.u8g2_font_t0_11_tf
                0x0800aa30      0x7ca ./u8g2/u8g2_fonts.o
                0x0800aa30                u8g2_font_t0_11_tf
 *fill*         0x0800b1fa        0x2 
 .rodata.u8g2_cb_r0
                0x0800b1fc        0xc ./u8g2/u8g2_setup.o
                0x0800b1fc                u8g2_cb_r0
 .rodata.u8x8_ssd1306_128x64_noname_display_info
                0x0800b208       0x18 ./u8g2/u8x8_d_ssd1306_128x64_noname.o
 .rodata.u8x8_d_ssd1306_128x64_noname_flip1_seq
                0x0800b220        0x7 ./u8g2/u8x8_d_ssd1306_128x64_noname.o
 *fill*         0x0800b227        0x1 
 .rodata.u8x8_d_ssd1306_128x64_noname_flip0_seq
                0x0800b228        0x7 ./u8g2/u8x8_d_ssd1306_128x64_noname.o
 *fill*         0x0800b22f        0x1 
 .rodata.u8x8_d_ssd1306_128x64_noname_powersave1_seq
                0x0800b230        0x5 ./u8g2/u8x8_d_ssd1306_128x64_noname.o
 *fill*         0x0800b235        0x3 
 .rodata.u8x8_d_ssd1306_128x64_noname_powersave0_seq
                0x0800b238        0x5 ./u8g2/u8x8_d_ssd1306_128x64_noname.o
 *fill*         0x0800b23d        0x3 
 .rodata.u8x8_d_ssd1306_128x64_noname_init_seq
                0x0800b240       0x35 ./u8g2/u8x8_d_ssd1306_128x64_noname.o
                0x0800b278                        . = ALIGN (0x4)
 *fill*         0x0800b275        0x3 

.ARM.extab      0x0800b278        0x0
                0x0800b278                        . = ALIGN (0x4)
 *(.ARM.extab* .gnu.linkonce.armextab.*)
                0x0800b278                        . = ALIGN (0x4)

.ARM            0x0800b278        0x0
                0x0800b278                        . = ALIGN (0x4)
                0x0800b278                        __exidx_start = .
 *(.ARM.exidx*)
                0x0800b278                        __exidx_end = .
                0x0800b278                        . = ALIGN (0x4)

.preinit_array  0x0800b278        0x0
                0x0800b278                        . = ALIGN (0x4)
                0x0800b278                        PROVIDE (__preinit_array_start = .)
 *(.preinit_array*)
                0x0800b278                        PROVIDE (__preinit_array_end = .)
                0x0800b278                        . = ALIGN (0x4)

.init_array     0x0800b278        0x4
                0x0800b278                        . = ALIGN (0x4)
                0x0800b278                        PROVIDE (__init_array_start = .)
 *(SORT_BY_NAME(.init_array.*))
 *(.init_array*)
 .init_array    0x0800b278        0x4 D:/CUBE IDE/STM32CubeIDE_1.13.1/STM32CubeIDE_1.19.0/STM32CubeIDE/plugins/com.st.stm32cube.ide.mcu.externaltools.gnu-tools-for-stm32.13.3.rel1.win32_1.0.0.202411081344/tools/bin/../lib/gcc/arm-none-eabi/13.3.1/thumb/v7-m/nofp/crtbegin.o
                0x0800b27c                        PROVIDE (__init_array_end = .)
                0x0800b27c                        . = ALIGN (0x4)

.fini_array     0x0800b27c        0x4
                0x0800b27c                        . = ALIGN (0x4)
                [!provide]                        PROVIDE (__fini_array_start = .)
 *(SORT_BY_NAME(.fini_array.*))
 *(.fini_array*)
 .fini_array    0x0800b27c        0x4 D:/CUBE IDE/STM32CubeIDE_1.13.1/STM32CubeIDE_1.19.0/STM32CubeIDE/plugins/com.st.stm32cube.ide.mcu.externaltools.gnu-tools-for-stm32.13.3.rel1.win32_1.0.0.202411081344/tools/bin/../lib/gcc/arm-none-eabi/13.3.1/thumb/v7-m/nofp/crtbegin.o
                [!provide]                        PROVIDE (__fini_array_end = .)
                0x0800b280                        . = ALIGN (0x4)
                0x0800b280                        _sidata = LOADADDR (.data)

.rel.dyn        0x0800b280        0x0
 .rel.iplt      0x0800b280        0x0 D:/CUBE IDE/STM32CubeIDE_1.13.1/STM32CubeIDE_1.19.0/STM32CubeIDE/plugins/com.st.stm32cube.ide.mcu.externaltools.gnu-tools-for-stm32.13.3.rel1.win32_1.0.0.202411081344/tools/bin/../lib/gcc/arm-none-eabi/13.3.1/thumb/v7-m/nofp/crtbegin.o

.data           0x20000000      0x484 load address 0x0800b280
                0x20000000                        . = ALIGN (0x4)
                0x20000000                        _sdata = .
 *(.data)
 *(.data*)
 .data.SystemCoreClock
                0x20000000        0x4 ./Core/Src/system_stm32f1xx.o
                0x20000000                SystemCoreClock
 .data.uwTickFreq
                0x20000004        0x1 ./Drivers/STM32F1xx_HAL_Driver/Src/stm32f1xx_hal.o
                0x20000004                uwTickFreq
 *fill*         0x20000005        0x3 
 .data.uwTickPrio
                0x20000008        0x4 ./Drivers/STM32F1xx_HAL_Driver/Src/stm32f1xx_hal.o
                0x20000008                uwTickPrio
 .data.Buzzer   0x2000000c       0x10 ./Lib/Buzzer/Buzzer.o
                0x2000000c                Buzzer
 .data.IR       0x2000001c       0x1c ./Lib/IR_rec/IR_rec.o
 .data.uxCriticalNesting
                0x20000038        0x4 ./Middlewares/Third_Party/FreeRTOS/Source/portable/GCC/ARM_CM3/port.o
 .data.setting  0x2000003c       0xa8 ./Task/MyData.o
                0x2000003c                setting
 .data.clock    0x200000e4       0xa8 ./Task/MyData.o
                0x200000e4                clock
 .data.hum      0x2000018c       0xa8 ./Task/MyData.o
                0x2000018c                hum
 .data.torch    0x20000234       0xa8 ./Task/MyData.o
                0x20000234                torch
 .data.cleder   0x200002dc       0xa8 ./Task/MyData.o
                0x200002dc                cleder
 .data.g_seclect_x
                0x20000384        0xa ./Task/ShowClockTask.o
                0x20000384                g_seclect_x
 .data.num_h    0x2000038e        0x2 ./Task/ShowClockTask.o
                0x2000038e                num_h
 .data.num_w    0x20000390        0x2 ./Task/ShowClockTask.o
                0x20000390                num_w
 *fill*         0x20000392        0x2 
 .data.g_num_y  0x20000394        0x4 ./Task/ShowClockTask.o
                0x20000394                g_num_y
 .data.g_num_x  0x20000398        0xc ./Task/ShowClockTask.o
                0x20000398                g_num_x
 .data.Box2     0x200003a4       0x10 ./Task/ShowTimerTask.o
                0x200003a4                Box2
 .data.Box1     0x200003b4       0x10 ./Task/ShowTimerTask.o
                0x200003b4                Box1
 .data.time     0x200003c4       0x20 ./Task/ShowTimerTask.o
                0x200003c4                time
 .data.str_flag
                0x200003e4        0x4 ./Task/ShowmeuTask.o
                0x200003e4                str_flag
 .data.dock_status
                0x200003e8        0x1 ./Task/ShowmeuTask.o
                0x200003e8                dock_status
 .data.dock_pos
                0x200003e9        0x1 ./Task/ShowmeuTask.o
                0x200003e9                dock_pos
 .data.dock_r   0x200003ea        0x1 ./Task/ShowmeuTask.o
                0x200003ea                dock_r
 .data.dock_y   0x200003eb        0x1 ./Task/ShowmeuTask.o
                0x200003eb                dock_y
 .data.dock     0x200003ec        0x5 ./Task/ShowmeuTask.o
                0x200003ec                dock
 *fill*         0x200003f1        0x3 
 .data.Rec_select
                0x200003f4       0x10 ./Task/ShowmeuTask.o
                0x200003f4                Rec_select
 .data.String   0x20000404       0x10 ./Task/ShowmeuTask.o
                0x20000404                String
 .data.Right    0x20000414       0x10 ./Task/ShowmeuTask.o
                0x20000414                Right
 .data.Left     0x20000424       0x10 ./Task/ShowmeuTask.o
                0x20000424                Left
 .data._impure_ptr
                0x20000434        0x4 D:/CUBE IDE/STM32CubeIDE_1.13.1/STM32CubeIDE_1.19.0/STM32CubeIDE/plugins/com.st.stm32cube.ide.mcu.externaltools.gnu-tools-for-stm32.13.3.rel1.win32_1.0.0.202411081344/tools/bin/../lib/gcc/arm-none-eabi/13.3.1/../../../../arm-none-eabi/lib/thumb/v7-m/nofp\libc_nano.a(libc_a-impure.o)
                0x20000434                _impure_ptr
 .data._impure_data
                0x20000438       0x4c D:/CUBE IDE/STM32CubeIDE_1.13.1/STM32CubeIDE_1.19.0/STM32CubeIDE/plugins/com.st.stm32cube.ide.mcu.externaltools.gnu-tools-for-stm32.13.3.rel1.win32_1.0.0.202411081344/tools/bin/../lib/gcc/arm-none-eabi/13.3.1/../../../../arm-none-eabi/lib/thumb/v7-m/nofp\libc_nano.a(libc_a-impure.o)
                0x20000438                _impure_data
 *(.RamFunc)
 *(.RamFunc*)
                0x20000484                        . = ALIGN (0x4)
                0x20000484                        _edata = .

.igot.plt       0x20000484        0x0 load address 0x0800b704
 .igot.plt      0x20000484        0x0 D:/CUBE IDE/STM32CubeIDE_1.13.1/STM32CubeIDE_1.19.0/STM32CubeIDE/plugins/com.st.stm32cube.ide.mcu.externaltools.gnu-tools-for-stm32.13.3.rel1.win32_1.0.0.202411081344/tools/bin/../lib/gcc/arm-none-eabi/13.3.1/thumb/v7-m/nofp/crtbegin.o
                0x20000484                        . = ALIGN (0x4)

.bss            0x20000488     0x2b7c load address 0x0800b704
                0x20000488                        _sbss = .
                0x20000488                        __bss_start__ = _sbss
 *(.bss)
 .bss           0x20000488       0x1c D:/CUBE IDE/STM32CubeIDE_1.13.1/STM32CubeIDE_1.19.0/STM32CubeIDE/plugins/com.st.stm32cube.ide.mcu.externaltools.gnu-tools-for-stm32.13.3.rel1.win32_1.0.0.202411081344/tools/bin/../lib/gcc/arm-none-eabi/13.3.1/thumb/v7-m/nofp/crtbegin.o
 *(.bss*)
 .bss.ShowClockHandle
                0x200004a4        0x4 ./Core/Src/freertos.o
                0x200004a4                ShowClockHandle
 .bss.ShowCalendarHandle
                0x200004a8        0x4 ./Core/Src/freertos.o
                0x200004a8                ShowCalendarHandle
 .bss.ShowRGBHandle
                0x200004ac        0x4 ./Core/Src/freertos.o
                0x200004ac                ShowRGBHandle
 .bss.ShowDHT11Handle
                0x200004b0        0x4 ./Core/Src/freertos.o
                0x200004b0                ShowDHT11Handle
 .bss.ShowmeuTaskHandle
                0x200004b4        0x4 ./Core/Src/freertos.o
                0x200004b4                ShowmeuTaskHandle
 .bss.ShowTimerHandle
                0x200004b8        0x4 ./Core/Src/freertos.o
                0x200004b8                ShowTimerHandle
 .bss.defaultTaskHandle
                0x200004bc        0x4 ./Core/Src/freertos.o
                0x200004bc                defaultTaskHandle
 .bss.displayMutexHandle
                0x200004c0        0x4 ./Core/Src/freertos.o
                0x200004c0                displayMutexHandle
 .bss.g_xQueueMenu
                0x200004c4        0x4 ./Core/Src/freertos.o
                0x200004c4                g_xQueueMenu
 .bss.g_Clock_Timer
                0x200004c8        0x4 ./Core/Src/freertos.o
                0x200004c8                g_Clock_Timer
 .bss.g_Timer   0x200004cc        0x4 ./Core/Src/freertos.o
                0x200004cc                g_Timer
 .bss.hi2c1     0x200004d0       0x54 ./Core/Src/i2c.o
                0x200004d0                hi2c1
 .bss.htim4     0x20000524       0x48 ./Core/Src/stm32f1xx_hal_timebase_tim.o
                0x20000524                htim4
 .bss.htim2     0x2000056c       0x48 ./Core/Src/tim.o
                0x2000056c                htim2
 *fill*         0x200005b4        0x4 
 .bss.htim1     0x200005b8       0x48 ./Core/Src/tim.o
                0x200005b8                htim1
 .bss.uwTick    0x20000600        0x4 ./Drivers/STM32F1xx_HAL_Driver/Src/stm32f1xx_hal.o
                0x20000600                uwTick
 .bss.Timer_Stack.0
                0x20000604      0x400 ./Middlewares/Third_Party/FreeRTOS/Source/CMSIS_RTOS_V2/cmsis_os2.o
 .bss.Timer_TCB.1
                0x20000a04       0xa8 ./Middlewares/Third_Party/FreeRTOS/Source/CMSIS_RTOS_V2/cmsis_os2.o
 .bss.Idle_Stack.2
                0x20000aac      0x200 ./Middlewares/Third_Party/FreeRTOS/Source/CMSIS_RTOS_V2/cmsis_os2.o
 .bss.Idle_TCB.3
                0x20000cac       0xa8 ./Middlewares/Third_Party/FreeRTOS/Source/CMSIS_RTOS_V2/cmsis_os2.o
 .bss.KernelState
                0x20000d54        0x4 ./Middlewares/Third_Party/FreeRTOS/Source/CMSIS_RTOS_V2/cmsis_os2.o
 .bss.xQueueRegistry
                0x20000d58       0x40 ./Middlewares/Third_Party/FreeRTOS/Source/queue.o
                0x20000d58                xQueueRegistry
 .bss.uxSchedulerSuspended
                0x20000d98        0x4 ./Middlewares/Third_Party/FreeRTOS/Source/tasks.o
 .bss.xNextTaskUnblockTime
                0x20000d9c        0x4 ./Middlewares/Third_Party/FreeRTOS/Source/tasks.o
 .bss.uxTaskNumber
                0x20000da0        0x4 ./Middlewares/Third_Party/FreeRTOS/Source/tasks.o
 .bss.xNumOfOverflows
                0x20000da4        0x4 ./Middlewares/Third_Party/FreeRTOS/Source/tasks.o
 .bss.xYieldPending
                0x20000da8        0x4 ./Middlewares/Third_Party/FreeRTOS/Source/tasks.o
 .bss.xPendedTicks
                0x20000dac        0x4 ./Middlewares/Third_Party/FreeRTOS/Source/tasks.o
 .bss.xSchedulerRunning
                0x20000db0        0x4 ./Middlewares/Third_Party/FreeRTOS/Source/tasks.o
 .bss.uxTopReadyPriority
                0x20000db4        0x4 ./Middlewares/Third_Party/FreeRTOS/Source/tasks.o
 .bss.xTickCount
                0x20000db8        0x4 ./Middlewares/Third_Party/FreeRTOS/Source/tasks.o
 .bss.uxCurrentNumberOfTasks
                0x20000dbc        0x4 ./Middlewares/Third_Party/FreeRTOS/Source/tasks.o
 .bss.xSuspendedTaskList
                0x20000dc0       0x14 ./Middlewares/Third_Party/FreeRTOS/Source/tasks.o
 .bss.uxDeletedTasksWaitingCleanUp
                0x20000dd4        0x4 ./Middlewares/Third_Party/FreeRTOS/Source/tasks.o
 .bss.xTasksWaitingTermination
                0x20000dd8       0x14 ./Middlewares/Third_Party/FreeRTOS/Source/tasks.o
 .bss.xPendingReadyList
                0x20000dec       0x14 ./Middlewares/Third_Party/FreeRTOS/Source/tasks.o
 .bss.pxOverflowDelayedTaskList
                0x20000e00        0x4 ./Middlewares/Third_Party/FreeRTOS/Source/tasks.o
 .bss.pxDelayedTaskList
                0x20000e04        0x4 ./Middlewares/Third_Party/FreeRTOS/Source/tasks.o
 .bss.xDelayedTaskList2
                0x20000e08       0x14 ./Middlewares/Third_Party/FreeRTOS/Source/tasks.o
 .bss.xDelayedTaskList1
                0x20000e1c       0x14 ./Middlewares/Third_Party/FreeRTOS/Source/tasks.o
 .bss.pxReadyTasksLists
                0x20000e30      0x460 ./Middlewares/Third_Party/FreeRTOS/Source/tasks.o
 .bss.pxCurrentTCB
                0x20001290        0x4 ./Middlewares/Third_Party/FreeRTOS/Source/tasks.o
                0x20001290                pxCurrentTCB
 .bss.xStaticTimerQueue.0
                0x20001294       0x50 ./Middlewares/Third_Party/FreeRTOS/Source/timers.o
 .bss.ucStaticTimerQueueStorage.1
                0x200012e4       0xa0 ./Middlewares/Third_Party/FreeRTOS/Source/timers.o
 .bss.xLastTime.2
                0x20001384        0x4 ./Middlewares/Third_Party/FreeRTOS/Source/timers.o
 .bss.xTimerTaskHandle
                0x20001388        0x4 ./Middlewares/Third_Party/FreeRTOS/Source/timers.o
 .bss.xTimerQueue
                0x2000138c        0x4 ./Middlewares/Third_Party/FreeRTOS/Source/timers.o
 .bss.pxOverflowTimerList
                0x20001390        0x4 ./Middlewares/Third_Party/FreeRTOS/Source/timers.o
 .bss.pxCurrentTimerList
                0x20001394        0x4 ./Middlewares/Third_Party/FreeRTOS/Source/timers.o
 .bss.xActiveTimerList2
                0x20001398       0x14 ./Middlewares/Third_Party/FreeRTOS/Source/timers.o
 .bss.xActiveTimerList1
                0x200013ac       0x14 ./Middlewares/Third_Party/FreeRTOS/Source/timers.o
 .bss.ulMaxPRIGROUPValue
                0x200013c0        0x4 ./Middlewares/Third_Party/FreeRTOS/Source/portable/GCC/ARM_CM3/port.o
 .bss.ucMaxSysCallPriority
                0x200013c4        0x1 ./Middlewares/Third_Party/FreeRTOS/Source/portable/GCC/ARM_CM3/port.o
 *fill*         0x200013c5        0x3 
 .bss.xBlockAllocatedBit
                0x200013c8        0x4 ./Middlewares/Third_Party/FreeRTOS/Source/portable/MemMang/heap_4.o
 .bss.xNumberOfSuccessfulFrees
                0x200013cc        0x4 ./Middlewares/Third_Party/FreeRTOS/Source/portable/MemMang/heap_4.o
 .bss.xNumberOfSuccessfulAllocations
                0x200013d0        0x4 ./Middlewares/Third_Party/FreeRTOS/Source/portable/MemMang/heap_4.o
 .bss.xMinimumEverFreeBytesRemaining
                0x200013d4        0x4 ./Middlewares/Third_Party/FreeRTOS/Source/portable/MemMang/heap_4.o
 .bss.xFreeBytesRemaining
                0x200013d8        0x4 ./Middlewares/Third_Party/FreeRTOS/Source/portable/MemMang/heap_4.o
 .bss.pxEnd     0x200013dc        0x4 ./Middlewares/Third_Party/FreeRTOS/Source/portable/MemMang/heap_4.o
 .bss.xStart    0x200013e0        0x8 ./Middlewares/Third_Party/FreeRTOS/Source/portable/MemMang/heap_4.o
 .bss.ucHeap    0x200013e8     0x1600 ./Middlewares/Third_Party/FreeRTOS/Source/portable/MemMang/heap_4.o
 .bss.u8g2      0x200029e8       0x94 ./Task/MyData.o
                0x200029e8                u8g2
 .bss.l         0x20002a7c        0x1 ./Task/ShowClockTask.o
                0x20002a7c                l
 .bss.r         0x20002a7d        0x1 ./Task/ShowClockTask.o
                0x20002a7d                r
 .bss.k         0x20002a7e        0x1 ./Task/ShowClockTask.o
                0x20002a7e                k
 *fill*         0x20002a7f        0x1 
 .bss.g_real_time
                0x20002a80        0x4 ./Task/ShowClockTask.o
                0x20002a80                g_real_time
 .bss.g_clock_num
                0x20002a84        0x4 ./Task/ShowClockTask.o
                0x20002a84                g_clock_num
 .bss.seclect_flag
                0x20002a88        0x1 ./Task/ShowClockTask.o
                0x20002a88                seclect_flag
 .bss.clock_flag
                0x20002a89        0x1 ./Task/ShowClockTask.o
                0x20002a89                clock_flag
 .bss.len2      0x20002a8a        0x1 ./Task/ShowClockTask.o
                0x20002a8a                len2
 .bss.len1      0x20002a8b        0x1 ./Task/ShowClockTask.o
                0x20002a8b                len1
 .bss.millisecond
                0x20002a8c        0x2 ./Task/ShowClockTask.o
                0x20002a8c                millisecond
 .bss.hour_decade
                0x20002a8e        0x1 ./Task/ShowTimerTask.o
                0x20002a8e                hour_decade
 .bss.hour_unit
                0x20002a8f        0x1 ./Task/ShowTimerTask.o
                0x20002a8f                hour_unit
 .bss.min_decade
                0x20002a90        0x1 ./Task/ShowTimerTask.o
                0x20002a90                min_decade
 .bss.min_unit  0x20002a91        0x1 ./Task/ShowTimerTask.o
                0x20002a91                min_unit
 .bss.sec_decade
                0x20002a92        0x1 ./Task/ShowTimerTask.o
                0x20002a92                sec_decade
 .bss.sec_unit  0x20002a93        0x1 ./Task/ShowTimerTask.o
                0x20002a93                sec_unit
 .bss.flag      0x20002a94        0x1 ./Task/ShowmeuTask.o
                0x20002a94                flag
 *fill*         0x20002a95        0x3 
 .bss.end_flag  0x20002a98        0x4 ./Task/ShowmeuTask.o
                0x20002a98                end_flag
 .bss.queue_flag
                0x20002a9c        0x4 ./Task/ShowmeuTask.o
                0x20002a9c                queue_flag
 .bss.buf.0     0x20002aa0      0x400 ./u8g2/u8g2_d_memory.o
 .bss.buffer.0  0x20002ea0       0x20 ./u8g2/u8x8_byte.o
 .bss.buf_idx.1
                0x20002ec0        0x1 ./u8g2/u8x8_byte.o
 .bss.in_transfer.5
                0x20002ec1        0x1 ./u8g2/u8x8_cad.o
 *fill*         0x20002ec2        0x2 
 .bss.__sf      0x20002ec4      0x138 D:/CUBE IDE/STM32CubeIDE_1.13.1/STM32CubeIDE_1.19.0/STM32CubeIDE/plugins/com.st.stm32cube.ide.mcu.externaltools.gnu-tools-for-stm32.13.3.rel1.win32_1.0.0.202411081344/tools/bin/../lib/gcc/arm-none-eabi/13.3.1/../../../../arm-none-eabi/lib/thumb/v7-m/nofp\libc_nano.a(libc_a-findfp.o)
                0x20002ec4                __sf
 .bss.__lock___malloc_recursive_mutex
                0x20002ffc        0x1 D:/CUBE IDE/STM32CubeIDE_1.13.1/STM32CubeIDE_1.19.0/STM32CubeIDE/plugins/com.st.stm32cube.ide.mcu.externaltools.gnu-tools-for-stm32.13.3.rel1.win32_1.0.0.202411081344/tools/bin/../lib/gcc/arm-none-eabi/13.3.1/../../../../arm-none-eabi/lib/thumb/v7-m/nofp\libc_nano.a(libc_a-lock.o)
                0x20002ffc                __lock___malloc_recursive_mutex
 *fill*         0x20002ffd        0x3 
 .bss.__malloc_free_list
                0x20003000        0x4 D:/CUBE IDE/STM32CubeIDE_1.13.1/STM32CubeIDE_1.19.0/STM32CubeIDE/plugins/com.st.stm32cube.ide.mcu.externaltools.gnu-tools-for-stm32.13.3.rel1.win32_1.0.0.202411081344/tools/bin/../lib/gcc/arm-none-eabi/13.3.1/../../../../arm-none-eabi/lib/thumb/v7-m/nofp\libc_nano.a(libc_a-mallocr.o)
                0x20003000                __malloc_free_list
 *(COMMON)
                0x20003004                        . = ALIGN (0x4)
                0x20003004                        _ebss = .
                0x20003004                        __bss_end__ = _ebss

._user_heap_stack
                0x20003004      0x604 load address 0x0800b704
                0x20003008                        . = ALIGN (0x8)
 *fill*         0x20003004        0x4 
                [!provide]                        PROVIDE (end = .)
                0x20003008                        PROVIDE (_end = .)
                0x20003208                        . = (. + _Min_Heap_Size)
 *fill*         0x20003008      0x200 
                0x20003608                        . = (. + _Min_Stack_Size)
 *fill*         0x20003208      0x400 
                0x20003608                        . = ALIGN (0x8)

/DISCARD/
 libc.a(*)
 libm.a(*)
 libgcc.a(*)

.ARM.attributes
                0x00000000       0x29
 *(.ARM.attributes)
 .ARM.attributes
                0x00000000       0x1d D:/CUBE IDE/STM32CubeIDE_1.13.1/STM32CubeIDE_1.19.0/STM32CubeIDE/plugins/com.st.stm32cube.ide.mcu.externaltools.gnu-tools-for-stm32.13.3.rel1.win32_1.0.0.202411081344/tools/bin/../lib/gcc/arm-none-eabi/13.3.1/thumb/v7-m/nofp/crti.o
 .ARM.attributes
                0x0000001d       0x2d D:/CUBE IDE/STM32CubeIDE_1.13.1/STM32CubeIDE_1.19.0/STM32CubeIDE/plugins/com.st.stm32cube.ide.mcu.externaltools.gnu-tools-for-stm32.13.3.rel1.win32_1.0.0.202411081344/tools/bin/../lib/gcc/arm-none-eabi/13.3.1/thumb/v7-m/nofp/crtbegin.o
 .ARM.attributes
                0x0000004a       0x2d ./Core/Src/freertos.o
 .ARM.attributes
                0x00000077       0x2d ./Core/Src/gpio.o
 .ARM.attributes
                0x000000a4       0x2d ./Core/Src/i2c.o
 .ARM.attributes
                0x000000d1       0x2d ./Core/Src/main.o
 .ARM.attributes
                0x000000fe       0x2d ./Core/Src/stm32f1xx_hal_msp.o
 .ARM.attributes
                0x0000012b       0x2d ./Core/Src/stm32f1xx_hal_timebase_tim.o
 .ARM.attributes
                0x00000158       0x2d ./Core/Src/stm32f1xx_it.o
 .ARM.attributes
                0x00000185       0x2d ./Core/Src/system_stm32f1xx.o
 .ARM.attributes
                0x000001b2       0x2d ./Core/Src/tim.o
 .ARM.attributes
                0x000001df       0x21 ./Core/Startup/startup_stm32f103c8tx.o
 .ARM.attributes
                0x00000200       0x2d ./Drivers/STM32F1xx_HAL_Driver/Src/stm32f1xx_hal.o
 .ARM.attributes
                0x0000022d       0x2d ./Drivers/STM32F1xx_HAL_Driver/Src/stm32f1xx_hal_cortex.o
 .ARM.attributes
                0x0000025a       0x2d ./Drivers/STM32F1xx_HAL_Driver/Src/stm32f1xx_hal_gpio.o
 .ARM.attributes
                0x00000287       0x2d ./Drivers/STM32F1xx_HAL_Driver/Src/stm32f1xx_hal_i2c.o
 .ARM.attributes
                0x000002b4       0x2d ./Drivers/STM32F1xx_HAL_Driver/Src/stm32f1xx_hal_rcc.o
 .ARM.attributes
                0x000002e1       0x2d ./Drivers/STM32F1xx_HAL_Driver/Src/stm32f1xx_hal_tim.o
 .ARM.attributes
                0x0000030e       0x2d ./Drivers/STM32F1xx_HAL_Driver/Src/stm32f1xx_hal_tim_ex.o
 .ARM.attributes
                0x0000033b       0x2d ./Lib/Buzzer/Buzzer.o
 .ARM.attributes
                0x00000368       0x2d ./Lib/DHT11/DHT11.o
 .ARM.attributes
                0x00000395       0x2d ./Lib/IR_rec/IR_rec.o
 .ARM.attributes
                0x000003c2       0x2d ./Lib/RGB/RGB.o
 .ARM.attributes
                0x000003ef       0x2d ./Middlewares/Third_Party/FreeRTOS/Source/CMSIS_RTOS_V2/cmsis_os2.o
 .ARM.attributes
                0x0000041c       0x2d ./Middlewares/Third_Party/FreeRTOS/Source/list.o
 .ARM.attributes
                0x00000449       0x2d ./Middlewares/Third_Party/FreeRTOS/Source/queue.o
 .ARM.attributes
                0x00000476       0x2d ./Middlewares/Third_Party/FreeRTOS/Source/tasks.o
 .ARM.attributes
                0x000004a3       0x2d ./Middlewares/Third_Party/FreeRTOS/Source/timers.o
 .ARM.attributes
                0x000004d0       0x2d ./Middlewares/Third_Party/FreeRTOS/Source/portable/GCC/ARM_CM3/port.o
 .ARM.attributes
                0x000004fd       0x2d ./Middlewares/Third_Party/FreeRTOS/Source/portable/MemMang/heap_4.o
 .ARM.attributes
                0x0000052a       0x2d ./Task/MyData.o
 .ARM.attributes
                0x00000557       0x2d ./Task/ShowCalendar.o
 .ARM.attributes
                0x00000584       0x2d ./Task/ShowClockTask.o
 .ARM.attributes
                0x000005b1       0x2d ./Task/ShowDHT11Task.o
 .ARM.attributes
                0x000005de       0x2d ./Task/ShowRGBTask.o
 .ARM.attributes
                0x0000060b       0x2d ./Task/ShowTimerTask.o
 .ARM.attributes
                0x00000638       0x2d ./Task/ShowmeuTask.o
 .ARM.attributes
                0x00000665       0x2d ./u8g2/u8g2_bitmap.o
 .ARM.attributes
                0x00000692       0x2d ./u8g2/u8g2_box.o
 .ARM.attributes
                0x000006bf       0x2d ./u8g2/u8g2_buffer.o
 .ARM.attributes
                0x000006ec       0x2d ./u8g2/u8g2_circle.o
 .ARM.attributes
                0x00000719       0x2d ./u8g2/u8g2_cleardisplay.o
 .ARM.attributes
                0x00000746       0x2d ./u8g2/u8g2_d_memory.o
 .ARM.attributes
                0x00000773       0x2d ./u8g2/u8g2_d_setup.o
 .ARM.attributes
                0x000007a0       0x2d ./u8g2/u8g2_font.o
 .ARM.attributes
                0x000007cd       0x2d ./u8g2/u8g2_fonts.o
 .ARM.attributes
                0x000007fa       0x2d ./u8g2/u8g2_hvline.o
 .ARM.attributes
                0x00000827       0x2d ./u8g2/u8g2_intersection.o
 .ARM.attributes
                0x00000854       0x2d ./u8g2/u8g2_line.o
 .ARM.attributes
                0x00000881       0x2d ./u8g2/u8g2_ll_hvline.o
 .ARM.attributes
                0x000008ae       0x2d ./u8g2/u8g2_setup.o
 .ARM.attributes
                0x000008db       0x2d ./u8g2/u8x8_8x8.o
 .ARM.attributes
                0x00000908       0x2d ./u8g2/u8x8_byte.o
 .ARM.attributes
                0x00000935       0x2d ./u8g2/u8x8_cad.o
 .ARM.attributes
                0x00000962       0x2d ./u8g2/u8x8_d_ssd1306_128x64_noname.o
 .ARM.attributes
                0x0000098f       0x2d ./u8g2/u8x8_display.o
 .ARM.attributes
                0x000009bc       0x2d ./u8g2/u8x8_gpio.o
 .ARM.attributes
                0x000009e9       0x2d ./u8g2/u8x8_setup.o
 .ARM.attributes
                0x00000a16       0x2d D:/CUBE IDE/STM32CubeIDE_1.13.1/STM32CubeIDE_1.19.0/STM32CubeIDE/plugins/com.st.stm32cube.ide.mcu.externaltools.gnu-tools-for-stm32.13.3.rel1.win32_1.0.0.202411081344/tools/bin/../lib/gcc/arm-none-eabi/13.3.1/../../../../arm-none-eabi/lib/thumb/v7-m/nofp\libc_nano.a(libc_a-findfp.o)
 .ARM.attributes
                0x00000a43       0x2d D:/CUBE IDE/STM32CubeIDE_1.13.1/STM32CubeIDE_1.19.0/STM32CubeIDE/plugins/com.st.stm32cube.ide.mcu.externaltools.gnu-tools-for-stm32.13.3.rel1.win32_1.0.0.202411081344/tools/bin/../lib/gcc/arm-none-eabi/13.3.1/../../../../arm-none-eabi/lib/thumb/v7-m/nofp\libc_nano.a(libc_a-memset.o)
 .ARM.attributes
                0x00000a70       0x2d D:/CUBE IDE/STM32CubeIDE_1.13.1/STM32CubeIDE_1.19.0/STM32CubeIDE/plugins/com.st.stm32cube.ide.mcu.externaltools.gnu-tools-for-stm32.13.3.rel1.win32_1.0.0.202411081344/tools/bin/../lib/gcc/arm-none-eabi/13.3.1/../../../../arm-none-eabi/lib/thumb/v7-m/nofp\libc_nano.a(libc_a-reent.o)
 .ARM.attributes
                0x00000a9d       0x2d D:/CUBE IDE/STM32CubeIDE_1.13.1/STM32CubeIDE_1.19.0/STM32CubeIDE/plugins/com.st.stm32cube.ide.mcu.externaltools.gnu-tools-for-stm32.13.3.rel1.win32_1.0.0.202411081344/tools/bin/../lib/gcc/arm-none-eabi/13.3.1/../../../../arm-none-eabi/lib/thumb/v7-m/nofp\libc_nano.a(libc_a-impure.o)
 .ARM.attributes
                0x00000aca       0x2d D:/CUBE IDE/STM32CubeIDE_1.13.1/STM32CubeIDE_1.19.0/STM32CubeIDE/plugins/com.st.stm32cube.ide.mcu.externaltools.gnu-tools-for-stm32.13.3.rel1.win32_1.0.0.202411081344/tools/bin/../lib/gcc/arm-none-eabi/13.3.1/../../../../arm-none-eabi/lib/thumb/v7-m/nofp\libc_nano.a(libc_a-init.o)
 .ARM.attributes
                0x00000af7       0x2d D:/CUBE IDE/STM32CubeIDE_1.13.1/STM32CubeIDE_1.19.0/STM32CubeIDE/plugins/com.st.stm32cube.ide.mcu.externaltools.gnu-tools-for-stm32.13.3.rel1.win32_1.0.0.202411081344/tools/bin/../lib/gcc/arm-none-eabi/13.3.1/../../../../arm-none-eabi/lib/thumb/v7-m/nofp\libc_nano.a(libc_a-lock.o)
 .ARM.attributes
                0x00000b24       0x2d D:/CUBE IDE/STM32CubeIDE_1.13.1/STM32CubeIDE_1.19.0/STM32CubeIDE/plugins/com.st.stm32cube.ide.mcu.externaltools.gnu-tools-for-stm32.13.3.rel1.win32_1.0.0.202411081344/tools/bin/../lib/gcc/arm-none-eabi/13.3.1/../../../../arm-none-eabi/lib/thumb/v7-m/nofp\libc_nano.a(libc_a-memcpy-stub.o)
 .ARM.attributes
                0x00000b51       0x2d D:/CUBE IDE/STM32CubeIDE_1.13.1/STM32CubeIDE_1.19.0/STM32CubeIDE/plugins/com.st.stm32cube.ide.mcu.externaltools.gnu-tools-for-stm32.13.3.rel1.win32_1.0.0.202411081344/tools/bin/../lib/gcc/arm-none-eabi/13.3.1/../../../../arm-none-eabi/lib/thumb/v7-m/nofp\libc_nano.a(libc_a-freer.o)
 .ARM.attributes
                0x00000b7e       0x2d D:/CUBE IDE/STM32CubeIDE_1.13.1/STM32CubeIDE_1.19.0/STM32CubeIDE/plugins/com.st.stm32cube.ide.mcu.externaltools.gnu-tools-for-stm32.13.3.rel1.win32_1.0.0.202411081344/tools/bin/../lib/gcc/arm-none-eabi/13.3.1/../../../../arm-none-eabi/lib/thumb/v7-m/nofp\libc_nano.a(libc_a-mallocr.o)
 .ARM.attributes
                0x00000bab       0x2d D:/CUBE IDE/STM32CubeIDE_1.13.1/STM32CubeIDE_1.19.0/STM32CubeIDE/plugins/com.st.stm32cube.ide.mcu.externaltools.gnu-tools-for-stm32.13.3.rel1.win32_1.0.0.202411081344/tools/bin/../lib/gcc/arm-none-eabi/13.3.1/../../../../arm-none-eabi/lib/thumb/v7-m/nofp\libc_nano.a(libc_a-mlock.o)
 .ARM.attributes
                0x00000bd8       0x1d D:/CUBE IDE/STM32CubeIDE_1.13.1/STM32CubeIDE_1.19.0/STM32CubeIDE/plugins/com.st.stm32cube.ide.mcu.externaltools.gnu-tools-for-stm32.13.3.rel1.win32_1.0.0.202411081344/tools/bin/../lib/gcc/arm-none-eabi/13.3.1/thumb/v7-m/nofp/crtn.o
OUTPUT(Watch.elf elf32-littlearm)
LOAD linker stubs
LOAD D:/CUBE IDE/STM32CubeIDE_1.13.1/STM32CubeIDE_1.19.0/STM32CubeIDE/plugins/com.st.stm32cube.ide.mcu.externaltools.gnu-tools-for-stm32.13.3.rel1.win32_1.0.0.202411081344/tools/bin/../lib/gcc/arm-none-eabi/13.3.1/../../../../arm-none-eabi/lib/thumb/v7-m/nofp\libc.a
LOAD D:/CUBE IDE/STM32CubeIDE_1.13.1/STM32CubeIDE_1.19.0/STM32CubeIDE/plugins/com.st.stm32cube.ide.mcu.externaltools.gnu-tools-for-stm32.13.3.rel1.win32_1.0.0.202411081344/tools/bin/../lib/gcc/arm-none-eabi/13.3.1/../../../../arm-none-eabi/lib/thumb/v7-m/nofp\libm.a
LOAD D:/CUBE IDE/STM32CubeIDE_1.13.1/STM32CubeIDE_1.19.0/STM32CubeIDE/plugins/com.st.stm32cube.ide.mcu.externaltools.gnu-tools-for-stm32.13.3.rel1.win32_1.0.0.202411081344/tools/bin/../lib/gcc/arm-none-eabi/13.3.1/thumb/v7-m/nofp\libgcc.a

.debug_info     0x00000000    0x51a78
 .debug_info    0x00000000      0xac1 ./Core/Src/freertos.o
 .debug_info    0x00000ac1      0x38c ./Core/Src/gpio.o
 .debug_info    0x00000e4d      0x85d ./Core/Src/i2c.o
 .debug_info    0x000016aa      0x984 ./Core/Src/main.o
 .debug_info    0x0000202e      0x37e ./Core/Src/stm32f1xx_hal_msp.o
 .debug_info    0x000023ac      0xa43 ./Core/Src/stm32f1xx_hal_timebase_tim.o
 .debug_info    0x00002def      0x69c ./Core/Src/stm32f1xx_it.o
 .debug_info    0x0000348b      0x231 ./Core/Src/system_stm32f1xx.o
 .debug_info    0x000036bc     0x10b8 ./Core/Src/tim.o
 .debug_info    0x00004774       0x30 ./Core/Startup/startup_stm32f103c8tx.o
 .debug_info    0x000047a4      0x7dc ./Drivers/STM32F1xx_HAL_Driver/Src/stm32f1xx_hal.o
 .debug_info    0x00004f80      0xd02 ./Drivers/STM32F1xx_HAL_Driver/Src/stm32f1xx_hal_cortex.o
 .debug_info    0x00005c82      0x60c ./Drivers/STM32F1xx_HAL_Driver/Src/stm32f1xx_hal_gpio.o
 .debug_info    0x0000628e     0x3990 ./Drivers/STM32F1xx_HAL_Driver/Src/stm32f1xx_hal_i2c.o
 .debug_info    0x00009c1e      0x9ef ./Drivers/STM32F1xx_HAL_Driver/Src/stm32f1xx_hal_rcc.o
 .debug_info    0x0000a60d     0x470f ./Drivers/STM32F1xx_HAL_Driver/Src/stm32f1xx_hal_tim.o
 .debug_info    0x0000ed1c     0x1b0b ./Drivers/STM32F1xx_HAL_Driver/Src/stm32f1xx_hal_tim_ex.o
 .debug_info    0x00010827      0x8ec ./Lib/Buzzer/Buzzer.o
 .debug_info    0x00011113      0x6ff ./Lib/DHT11/DHT11.o
 .debug_info    0x00011812      0x827 ./Lib/IR_rec/IR_rec.o
 .debug_info    0x00012039      0x281 ./Lib/RGB/RGB.o